Component: ARM Compiler 5.06 update 7 (build 960) Tool: armlink [4d3601]

==============================================================================

Section Cross References

    main.o(i.main) refers to systick.o(i.SysTick_Init) for SysTick_Init
    main.o(i.main) refers to misc.o(i.NVIC_PriorityGroupConfig) for NVIC_PriorityGroupConfig
    main.o(i.main) refers to usart.o(i.uart1_init) for uart1_init
    main.o(i.main) refers to usart.o(i.uart2_init) for uart2_init
    main.o(i.main) refers to usart.o(i.uart3_init) for uart3_init
    main.o(i.main) refers to led.o(i.LED_Init) for LED_Init
    main.o(i.main) refers to key.o(i.KEY_Init) for KEY_Init
    main.o(i.main) refers to systick.o(i.delay_ms) for delay_ms
    main.o(i.main) refers to adxl345.o(i.Init_ADXL345) for Init_ADXL345
    main.o(i.main) refers to printf3.o(i.__0printf$3) for __2printf
    main.o(i.main) refers to adxl345.o(i.Single_Read_ADXL345) for Single_Read_ADXL345
    main.o(i.main) refers to bc20.o(i.BC20_Init) for BC20_Init
    main.o(i.main) refers to bc20.o(i.BC20_INITGNSS) for BC20_INITGNSS
    main.o(i.main) refers to bc20.o(i.BC20_PDPACT) for BC20_PDPACT
    main.o(i.main) refers to bc20.o(i.BC20_ConUDP) for BC20_ConUDP
    main.o(i.main) refers to bc20.o(i.Clear_Buffer) for Clear_Buffer
    main.o(i.main) refers to usart.o(i.Uart2_SendStr) for Uart2_SendStr
    main.o(i.main) refers to strstr.o(.text) for strstr
    main.o(i.main) refers to memseta.o(.text) for __aeabi_memclr4
    main.o(i.main) refers to printf3.o(i.__0sprintf$3) for __2sprintf
    main.o(i.main) refers to strlen.o(.text) for strlen
    main.o(i.main) refers to strncpy.o(.text) for strncpy
    main.o(i.main) refers to strcpy.o(.text) for strcpy
    main.o(i.main) refers to adxl345.o(i.ReadData_x) for ReadData_x
    main.o(i.main) refers to cfcmple.o(.text) for __aeabi_cfcmple
    main.o(i.main) refers to cfrcmple.o(.text) for __aeabi_cfrcmple
    main.o(i.main) refers to strcat.o(.text) for strcat
    main.o(i.main) refers to rand.o(.text) for rand
    main.o(i.main) refers to hexstr.o(i.Str2Hex) for Str2Hex
    main.o(i.main) refers to bc20.o(i.BC20_SenddataHEX) for BC20_SenddataHEX
    main.o(i.main) refers to usart.o(.bss) for buf_uart2
    main.o(i.main) refers to main.o(.data) for CheckNum
    main.o(i.main) refers to adxl345.o(.data) for temp_X
    startup_stm32f10x_hd.o(RESET) refers to startup_stm32f10x_hd.o(STACK) for __initial_sp
    startup_stm32f10x_hd.o(RESET) refers to startup_stm32f10x_hd.o(.text) for Reset_Handler
    startup_stm32f10x_hd.o(RESET) refers to stm32f10x_it.o(i.NMI_Handler) for NMI_Handler
    startup_stm32f10x_hd.o(RESET) refers to stm32f10x_it.o(i.HardFault_Handler) for HardFault_Handler
    startup_stm32f10x_hd.o(RESET) refers to stm32f10x_it.o(i.MemManage_Handler) for MemManage_Handler
    startup_stm32f10x_hd.o(RESET) refers to stm32f10x_it.o(i.BusFault_Handler) for BusFault_Handler
    startup_stm32f10x_hd.o(RESET) refers to stm32f10x_it.o(i.UsageFault_Handler) for UsageFault_Handler
    startup_stm32f10x_hd.o(RESET) refers to stm32f10x_it.o(i.SVC_Handler) for SVC_Handler
    startup_stm32f10x_hd.o(RESET) refers to stm32f10x_it.o(i.DebugMon_Handler) for DebugMon_Handler
    startup_stm32f10x_hd.o(RESET) refers to stm32f10x_it.o(i.PendSV_Handler) for PendSV_Handler
    startup_stm32f10x_hd.o(RESET) refers to stm32f10x_it.o(i.SysTick_Handler) for SysTick_Handler
    startup_stm32f10x_hd.o(RESET) refers to usart.o(i.USART1_IRQHandler) for USART1_IRQHandler
    startup_stm32f10x_hd.o(RESET) refers to usart.o(i.USART2_IRQHandler) for USART2_IRQHandler
    startup_stm32f10x_hd.o(RESET) refers to usart.o(i.USART3_IRQHandler) for USART3_IRQHandler
    startup_stm32f10x_hd.o(.text) refers to system_stm32f10x.o(i.SystemInit) for SystemInit
    startup_stm32f10x_hd.o(.text) refers to entry.o(.ARM.Collect$$$$00000000) for __main
    stm32f10x_gpio.o(i.GPIO_AFIODeInit) refers to stm32f10x_rcc.o(i.RCC_APB2PeriphResetCmd) for RCC_APB2PeriphResetCmd
    stm32f10x_gpio.o(i.GPIO_DeInit) refers to stm32f10x_rcc.o(i.RCC_APB2PeriphResetCmd) for RCC_APB2PeriphResetCmd
    stm32f10x_rcc.o(i.RCC_GetClocksFreq) refers to stm32f10x_rcc.o(.data) for APBAHBPrescTable
    stm32f10x_rcc.o(i.RCC_WaitForHSEStartUp) refers to stm32f10x_rcc.o(i.RCC_GetFlagStatus) for RCC_GetFlagStatus
    stm32f10x_tim.o(i.TIM_DeInit) refers to stm32f10x_rcc.o(i.RCC_APB2PeriphResetCmd) for RCC_APB2PeriphResetCmd
    stm32f10x_tim.o(i.TIM_DeInit) refers to stm32f10x_rcc.o(i.RCC_APB1PeriphResetCmd) for RCC_APB1PeriphResetCmd
    stm32f10x_tim.o(i.TIM_ETRClockMode1Config) refers to stm32f10x_tim.o(i.TIM_ETRConfig) for TIM_ETRConfig
    stm32f10x_tim.o(i.TIM_ETRClockMode2Config) refers to stm32f10x_tim.o(i.TIM_ETRConfig) for TIM_ETRConfig
    stm32f10x_tim.o(i.TIM_ICInit) refers to stm32f10x_tim.o(i.TI1_Config) for TI1_Config
    stm32f10x_tim.o(i.TIM_ICInit) refers to stm32f10x_tim.o(i.TIM_SetIC1Prescaler) for TIM_SetIC1Prescaler
[...]
    Removing stm32f10x_exti.o(i.EXTI_ClearITPendingBit), (12 bytes).
    Removing stm32f10x_exti.o(i.EXTI_DeInit), (36 bytes).
    Removing stm32f10x_exti.o(i.EXTI_GenerateSWInterrupt), (16 bytes).
    Removing stm32f10x_exti.o(i.EXTI_GetFlagStatus), (24 bytes).
    Removing stm32f10x_exti.o(i.EXTI_GetITStatus), (40 bytes).
    Removing stm32f10x_exti.o(i.EXTI_Init), (148 bytes).
    Removing stm32f10x_exti.o(i.EXTI_StructInit), (16 bytes).
    Removing stm32f10x_tim.o(i.TI1_Config), (128 bytes).
    Removing stm32f10x_tim.o(i.TI2_Config), (152 bytes).
    Removing stm32f10x_tim.o(i.TI3_Config), (144 bytes).
    Removing stm32f10x_tim.o(i.TI4_Config), (152 bytes).
    Removing stm32f10x_tim.o(i.TIM_ARRPreloadConfig), (24 bytes).
    Removing stm32f10x_tim.o(i.TIM_BDTRConfig), (32 bytes).
    Removing stm32f10x_tim.o(i.TIM_BDTRStructInit), (18 bytes).
    Removing stm32f10x_tim.o(i.TIM_CCPreloadControl), (24 bytes).
    Removing stm32f10x_tim.o(i.TIM_CCxCmd), (30 bytes).
    Removing stm32f10x_tim.o(i.TIM_CCxNCmd), (30 bytes).
    Removing stm32f10x_tim.o(i.TIM_ClearFlag), (6 bytes).
    Removing stm32f10x_tim.o(i.TIM_ClearITPendingBit), (6 bytes).
    Removing stm32f10x_tim.o(i.TIM_ClearOC1Ref), (18 bytes).
    Removing stm32f10x_tim.o(i.TIM_ClearOC2Ref), (24 bytes).
    Removing stm32f10x_tim.o(i.TIM_ClearOC3Ref), (18 bytes).
    Removing stm32f10x_tim.o(i.TIM_ClearOC4Ref), (24 bytes).
    Removing stm32f10x_tim.o(i.TIM_Cmd), (24 bytes).
    Removing stm32f10x_tim.o(i.TIM_CounterModeConfig), (18 bytes).
    Removing stm32f10x_tim.o(i.TIM_CtrlPWMOutputs), (30 bytes).
    Removing stm32f10x_tim.o(i.TIM_DMACmd), (18 bytes).
    Removing stm32f10x_tim.o(i.TIM_DMAConfig), (10 bytes).
    Removing stm32f10x_tim.o(i.TIM_DeInit), (488 bytes).
    Removing stm32f10x_tim.o(i.TIM_ETRClockMode1Config), (54 bytes).
    Removing stm32f10x_tim.o(i.TIM_ETRClockMode2Config), (32 bytes).
    Removing stm32f10x_tim.o(i.TIM_ETRConfig), (28 bytes).
    Removing stm32f10x_tim.o(i.TIM_EncoderInterfaceConfig), (66 bytes).
    Removing stm32f10x_tim.o(i.TIM_ForcedOC1Config), (18 bytes).
    Removing stm32f10x_tim.o(i.TIM_ForcedOC2Config), (26 bytes).
    Removing stm32f10x_tim.o(i.TIM_ForcedOC3Config), (18 bytes).
    Removing stm32f10x_tim.o(i.TIM_ForcedOC4Config), (26 bytes).
    Removing stm32f10x_tim.o(i.TIM_GenerateEvent), (4 bytes).
    Removing stm32f10x_tim.o(i.TIM_GetCapture1), (6 bytes).
    Removing stm32f10x_tim.o(i.TIM_GetCapture2), (6 bytes).
    Removing stm32f10x_tim.o(i.TIM_GetCapture3), (6 bytes).
    Removing stm32f10x_tim.o(i.TIM_GetCapture4), (8 bytes).
    Removing stm32f10x_tim.o(i.TIM_GetCounter), (6 bytes).
    Removing stm32f10x_tim.o(i.TIM_GetFlagStatus), (18 bytes).
    Removing stm32f10x_tim.o(i.TIM_GetITStatus), (34 bytes).
    Removing stm32f10x_tim.o(i.TIM_GetPrescaler), (6 bytes).
    Removing stm32f10x_tim.o(i.TIM_ICInit), (172 bytes).
    Removing stm32f10x_tim.o(i.TIM_ICStructInit), (18 bytes).
    Removing stm32f10x_tim.o(i.TIM_ITConfig), (18 bytes).
    Removing stm32f10x_tim.o(i.TIM_ITRxExternalClockConfig), (24 bytes).
    Removing stm32f10x_tim.o(i.TIM_InternalClockConfig), (12 bytes).
    Removing stm32f10x_tim.o(i.TIM_OC1FastConfig), (18 bytes).
    Removing stm32f10x_tim.o(i.TIM_OC1Init), (152 bytes).
    Removing stm32f10x_tim.o(i.TIM_OC1NPolarityConfig), (18 bytes).
    Removing stm32f10x_tim.o(i.TIM_OC1PolarityConfig), (18 bytes).
    Removing stm32f10x_tim.o(i.TIM_OC1PreloadConfig), (18 bytes).
    Removing stm32f10x_tim.o(i.TIM_OC2FastConfig), (26 bytes).
    Removing stm32f10x_tim.o(i.TIM_OC2Init), (164 bytes).
    Removing stm32f10x_tim.o(i.TIM_OC2NPolarityConfig), (26 bytes).
    Removing stm32f10x_tim.o(i.TIM_OC2PolarityConfig), (26 bytes).
    Removing stm32f10x_tim.o(i.TIM_OC2PreloadConfig), (26 bytes).
    Removing stm32f10x_tim.o(i.TIM_OC3FastConfig), (18 bytes).
    Removing stm32f10x_tim.o(i.TIM_OC3Init), (160 bytes).
    Removing stm32f10x_tim.o(i.TIM_OC3NPolarityConfig), (26 bytes).
    Removing stm32f10x_tim.o(i.TIM_OC3PolarityConfig), (26 bytes).
    Removing stm32f10x_tim.o(i.TIM_OC3PreloadConfig), (18 bytes).
    Removing stm32f10x_tim.o(i.TIM_OC4FastConfig), (26 bytes).
    Removing stm32f10x_tim.o(i.TIM_OC4Init), (124 bytes).
    Removing stm32f10x_tim.o(i.TIM_OC4PolarityConfig), (26 bytes).
    Removing stm32f10x_tim.o(i.TIM_OC4PreloadConfig), (26 bytes).
    Removing stm32f10x_tim.o(i.TIM_OCStructInit), (20 bytes).
    Removing stm32f10x_tim.o(i.TIM_PWMIConfig), (124 bytes).
    Removing stm32f10x_tim.o(i.TIM_PrescalerConfig), (6 bytes).
    Removing stm32f10x_tim.o(i.TIM_SelectCCDMA), (24 bytes).
    Removing stm32f10x_tim.o(i.TIM_SelectCOM), (24 bytes).
    Removing stm32f10x_tim.o(i.TIM_SelectHallSensor), (24 bytes).
    Removing stm32f10x_tim.o(i.TIM_SelectInputTrigger), (18 bytes).
    Removing stm32f10x_tim.o(i.TIM_SelectMasterSlaveMode), (18 bytes).
    Removing stm32f10x_tim.o(i.TIM_SelectOCxM), (82 bytes).
    Removing stm32f10x_tim.o(i.TIM_SelectOnePulseMode), (18 bytes).
    Removing stm32f10x_tim.o(i.TIM_SelectOutputTrigger), (18 bytes).
    Removing stm32f10x_tim.o(i.TIM_SelectSlaveMode), (18 bytes).
    Removing stm32f10x_tim.o(i.TIM_SetAutoreload), (4 bytes).
    Removing stm32f10x_tim.o(i.TIM_SetClockDivision), (18 bytes).
    Removing stm32f10x_tim.o(i.TIM_SetCompare1), (4 bytes).
    Removing stm32f10x_tim.o(i.TIM_SetCompare2), (4 bytes).
    Removing stm32f10x_tim.o(i.TIM_SetCompare3), (4 bytes).
    Removing stm32f10x_tim.o(i.TIM_SetCompare4), (6 bytes).
    Removing stm32f10x_tim.o(i.TIM_SetCounter), (4 bytes).
    Removing stm32f10x_tim.o(i.TIM_SetIC1Prescaler), (18 bytes).
    Removing stm32f10x_tim.o(i.TIM_SetIC2Prescaler), (26 bytes).
    Removing stm32f10x_tim.o(i.TIM_SetIC3Prescaler), (18 bytes).
    Removing stm32f10x_tim.o(i.TIM_SetIC4Prescaler), (26 bytes).
    Removing stm32f10x_tim.o(i.TIM_TIxExternalClockConfig), (62 bytes).
    Removing stm32f10x_tim.o(i.TIM_TimeBaseInit), (164 bytes).
    Removing stm32f10x_tim.o(i.TIM_TimeBaseStructInit), (18 bytes).
    Removing stm32f10x_tim.o(i.TIM_UpdateDisableConfig), (24 bytes).
    Removing stm32f10x_tim.o(i.TIM_UpdateRequestConfig), (24 bytes).
    Removing stm32f10x_usart.o(i.USART_ClockInit), (34 bytes).
    Removing stm32f10x_usart.o(i.USART_ClockStructInit), (12 bytes).
    Removing stm32f10x_usart.o(i.USART_DMACmd), (18 bytes).
    Removing stm32f10x_usart.o(i.USART_DeInit), (156 bytes).
    Removing stm32f10x_usart.o(i.USART_HalfDuplexCmd), (24 bytes).
    Removing stm32f10x_usart.o(i.USART_IrDACmd), (24 bytes).
    Removing stm32f10x_usart.o(i.USART_IrDAConfig), (18 bytes).
    Removing stm32f10x_usart.o(i.USART_LINBreakDetectLengthConfig), (18 bytes).
    Removing stm32f10x_usart.o(i.USART_LINCmd), (24 bytes).
    Removing stm32f10x_usart.o(i.USART_OneBitMethodCmd), (24 bytes).
    Removing stm32f10x_usart.o(i.USART_OverSampling8Cmd), (22 bytes).
    Removing stm32f10x_usart.o(i.USART_ReceiverWakeUpCmd), (24 bytes).
    Removing stm32f10x_usart.o(i.USART_SendBreak), (10 bytes).
    Removing stm32f10x_usart.o(i.USART_SendData), (8 bytes).
    Removing stm32f10x_usart.o(i.USART_SetAddress), (18 bytes).
    Removing stm32f10x_usart.o(i.USART_SetGuardTime), (16 bytes).
    Removing stm32f10x_usart.o(i.USART_SetPrescaler), (16 bytes).
    Removing stm32f10x_usart.o(i.USART_SmartCardCmd), (24 bytes).
    Removing stm32f10x_usart.o(i.USART_SmartCardNACKCmd), (24 bytes).
    Removing stm32f10x_usart.o(i.USART_StructInit), (24 bytes).
    Removing stm32f10x_usart.o(i.USART_WakeUpConfig), (18 bytes).
    Removing stm32f10x_iwdg.o(i.IWDG_Enable), (16 bytes).
    Removing stm32f10x_iwdg.o(i.IWDG_GetFlagStatus), (24 bytes).
    Removing stm32f10x_iwdg.o(i.IWDG_ReloadCounter), (16 bytes).
    Removing stm32f10x_iwdg.o(i.IWDG_SetPrescaler), (12 bytes).
    Removing stm32f10x_iwdg.o(i.IWDG_SetReload), (12 bytes).
    Removing stm32f10x_iwdg.o(i.IWDG_WriteAccessCmd), (12 bytes).
    Removing stm32f10x_wwdg.o(i.WWDG_ClearFlag), (12 bytes).
    Removing stm32f10x_wwdg.o(i.WWDG_DeInit), (22 bytes).
    Removing stm32f10x_wwdg.o(i.WWDG_Enable), (16 bytes).
    Removing stm32f10x_wwdg.o(i.WWDG_EnableIT), (12 bytes).
    Removing stm32f10x_wwdg.o(i.WWDG_GetFlagStatus), (12 bytes).
    Removing stm32f10x_wwdg.o(i.WWDG_SetCounter), (16 bytes).
    Removing stm32f10x_wwdg.o(i.WWDG_SetPrescaler), (24 bytes).
    Removing stm32f10x_wwdg.o(i.WWDG_SetWindowValue), (40 bytes).
    Removing stm32f10x_bkp.o(i.BKP_ClearFlag), (20 bytes).
    Removing stm32f10x_bkp.o(i.BKP_ClearITPendingBit), (20 bytes).
    Removing stm32f10x_bkp.o(i.BKP_DeInit), (16 bytes).
    Removing stm32f10x_bkp.o(i.BKP_GetFlagStatus), (12 bytes).
    Removing stm32f10x_bkp.o(i.BKP_GetITStatus), (12 bytes).
    Removing stm32f10x_bkp.o(i.BKP_ITConfig), (12 bytes).
    Removing stm32f10x_bkp.o(i.BKP_RTCOutputConfig), (28 bytes).
    Removing stm32f10x_bkp.o(i.BKP_ReadBackupRegister), (28 bytes).
    Removing stm32f10x_bkp.o(i.BKP_SetRTCCalibrationValue), (28 bytes).
    Removing stm32f10x_bkp.o(i.BKP_TamperPinCmd), (12 bytes).
    Removing stm32f10x_bkp.o(i.BKP_TamperPinLevelConfig), (12 bytes).
    Removing stm32f10x_bkp.o(i.BKP_WriteBackupRegister), (28 bytes).
    Removing stm32f10x_pwr.o(i.PWR_BackupAccessCmd), (12 bytes).
    Removing stm32f10x_pwr.o(i.PWR_ClearFlag), (20 bytes).
    Removing stm32f10x_pwr.o(i.PWR_DeInit), (22 bytes).
    Removing stm32f10x_pwr.o(i.PWR_EnterSTANDBYMode), (52 bytes).
    Removing stm32f10x_pwr.o(i.PWR_EnterSTOPMode), (64 bytes).
    Removing stm32f10x_pwr.o(i.PWR_GetFlagStatus), (24 bytes).
    Removing stm32f10x_pwr.o(i.PWR_PVDCmd), (12 bytes).
    Removing stm32f10x_pwr.o(i.PWR_PVDLevelConfig), (24 bytes).
    Removing stm32f10x_pwr.o(i.PWR_WakeUpPinCmd), (12 bytes).
    Removing stm32f10x_adc.o(i.ADC_AnalogWatchdogCmd), (20 bytes).
    Removing stm32f10x_adc.o(i.ADC_AnalogWatchdogSingleChannelConfig), (16 bytes).
    Removing stm32f10x_adc.o(i.ADC_AnalogWatchdogThresholdsConfig), (6 bytes).
    Removing stm32f10x_adc.o(i.ADC_AutoInjectedConvCmd), (22 bytes).
    Removing stm32f10x_adc.o(i.ADC_ClearFlag), (6 bytes).
    Removing stm32f10x_adc.o(i.ADC_ClearITPendingBit), (10 bytes).
    Removing stm32f10x_adc.o(i.ADC_Cmd), (22 bytes).
    Removing stm32f10x_adc.o(i.ADC_DMACmd), (22 bytes).
    Removing stm32f10x_adc.o(i.ADC_DeInit), (92 bytes).
    Removing stm32f10x_adc.o(i.ADC_DiscModeChannelCountConfig), (24 bytes).
    Removing stm32f10x_adc.o(i.ADC_DiscModeCmd), (22 bytes).
    Removing stm32f10x_adc.o(i.ADC_ExternalTrigConvCmd), (22 bytes).
    Removing stm32f10x_adc.o(i.ADC_ExternalTrigInjectedConvCmd), (22 bytes).
    Removing stm32f10x_adc.o(i.ADC_ExternalTrigInjectedConvConfig), (16 bytes).
    Removing stm32f10x_adc.o(i.ADC_GetCalibrationStatus), (20 bytes).
    Removing stm32f10x_adc.o(i.ADC_GetConversionValue), (8 bytes).
    Removing stm32f10x_adc.o(i.ADC_GetDualModeConversionValue), (12 bytes).
    Removing stm32f10x_adc.o(i.ADC_GetFlagStatus), (18 bytes).
    Removing stm32f10x_adc.o(i.ADC_GetITStatus), (36 bytes).
    Removing stm32f10x_adc.o(i.ADC_GetInjectedConversionValue), (28 bytes).
    Removing stm32f10x_adc.o(i.ADC_GetResetCalibrationStatus), (20 bytes).
    Removing stm32f10x_adc.o(i.ADC_GetSoftwareStartConvStatus), (20 bytes).
    Removing stm32f10x_adc.o(i.ADC_GetSoftwareStartInjectedConvCmdStatus), (20 bytes).
    Removing stm32f10x_adc.o(i.ADC_ITConfig), (24 bytes).
    Removing stm32f10x_adc.o(i.ADC_Init), (80 bytes).
    Removing stm32f10x_adc.o(i.ADC_InjectedChannelConfig), (130 bytes).
    Removing stm32f10x_adc.o(i.ADC_InjectedDiscModeCmd), (22 bytes).
    Removing stm32f10x_adc.o(i.ADC_InjectedSequencerLengthConfig), (24 bytes).
    Removing stm32f10x_adc.o(i.ADC_RegularChannelConfig), (184 bytes).
    Removing stm32f10x_adc.o(i.ADC_ResetCalibration), (10 bytes).
    Removing stm32f10x_adc.o(i.ADC_SetInjectedOffset), (20 bytes).
    Removing stm32f10x_adc.o(i.ADC_SoftwareStartConvCmd), (22 bytes).
    Removing stm32f10x_adc.o(i.ADC_SoftwareStartInjectedConvCmd), (22 bytes).
    Removing stm32f10x_adc.o(i.ADC_StartCalibration), (10 bytes).
    Removing stm32f10x_adc.o(i.ADC_StructInit), (18 bytes).
    Removing stm32f10x_adc.o(i.ADC_TempSensorVrefintCmd), (36 bytes).
    Removing stm32f10x_dac.o(i.DAC_Cmd), (40 bytes).
    Removing stm32f10x_dac.o(i.DAC_DMACmd), (44 bytes).
    Removing stm32f10x_dac.o(i.DAC_DeInit), (22 bytes).
    Removing stm32f10x_dac.o(i.DAC_DualSoftwareTriggerCmd), (36 bytes).
    Removing stm32f10x_dac.o(i.DAC_GetDataOutputValue), (36 bytes).
    Removing stm32f10x_dac.o(i.DAC_Init), (52 bytes).
    Removing stm32f10x_dac.o(i.DAC_SetChannel1Data), (32 bytes).
    Removing stm32f10x_dac.o(i.DAC_SetChannel2Data), (32 bytes).
    Removing stm32f10x_dac.o(i.DAC_SetDualChannelData), (36 bytes).
    Removing stm32f10x_dac.o(i.DAC_SoftwareTriggerCmd), (44 bytes).
    Removing stm32f10x_dac.o(i.DAC_StructInit), (12 bytes).
    Removing stm32f10x_dac.o(i.DAC_WaveGenerationCmd), (40 bytes).
    Removing stm32f10x_dma.o(i.DMA_ClearFlag), (28 bytes).
    Removing stm32f10x_dma.o(i.DMA_ClearITPendingBit), (28 bytes).
    Removing stm32f10x_dma.o(i.DMA_Cmd), (24 bytes).
    Removing stm32f10x_dma.o(i.DMA_DeInit), (332 bytes).
    Removing stm32f10x_dma.o(i.DMA_GetCurrDataCounter), (8 bytes).
    Removing stm32f10x_dma.o(i.DMA_GetFlagStatus), (44 bytes).
    Removing stm32f10x_dma.o(i.DMA_GetITStatus), (44 bytes).
    Removing stm32f10x_dma.o(i.DMA_ITConfig), (18 bytes).
    Removing stm32f10x_dma.o(i.DMA_Init), (60 bytes).
    Removing stm32f10x_dma.o(i.DMA_SetCurrDataCounter), (4 bytes).
    Removing stm32f10x_dma.o(i.DMA_StructInit), (26 bytes).
    Removing stm32f10x_rtc.o(i.RTC_ClearFlag), (16 bytes).
    Removing stm32f10x_rtc.o(i.RTC_ClearITPendingBit), (16 bytes).
    Removing stm32f10x_rtc.o(i.RTC_EnterConfigMode), (20 bytes).
    Removing stm32f10x_rtc.o(i.RTC_ExitConfigMode), (20 bytes).
    Removing stm32f10x_rtc.o(i.RTC_GetCounter), (20 bytes).
    Removing stm32f10x_rtc.o(i.RTC_GetDivider), (24 bytes).
    Removing stm32f10x_rtc.o(i.RTC_GetFlagStatus), (24 bytes).
    Removing stm32f10x_rtc.o(i.RTC_GetITStatus), (36 bytes).
    Removing stm32f10x_rtc.o(i.RTC_ITConfig), (32 bytes).
    Removing stm32f10x_rtc.o(i.RTC_SetAlarm), (28 bytes).
    Removing stm32f10x_rtc.o(i.RTC_SetCounter), (28 bytes).
    Removing stm32f10x_rtc.o(i.RTC_SetPrescaler), (32 bytes).
    Removing stm32f10x_rtc.o(i.RTC_WaitForLastTask), (20 bytes).
    Removing stm32f10x_rtc.o(i.RTC_WaitForSynchro), (36 bytes).
    Removing stm32f10x_can.o(i.CAN_CancelTransmit), (48 bytes).
    Removing stm32f10x_can.o(i.CAN_ClearFlag), (56 bytes).
    Removing stm32f10x_can.o(i.CAN_ClearITPendingBit), (168 bytes).
    Removing stm32f10x_can.o(i.CAN_DBGFreeze), (22 bytes).
    Removing stm32f10x_can.o(i.CAN_DeInit), (56 bytes).
    Removing stm32f10x_can.o(i.CAN_FIFORelease), (22 bytes).
    Removing stm32f10x_can.o(i.CAN_FilterInit), (264 bytes).
    Removing stm32f10x_can.o(i.CAN_GetFlagStatus), (120 bytes).
    Removing stm32f10x_can.o(i.CAN_GetITStatus), (288 bytes).
    Removing stm32f10x_can.o(i.CAN_GetLSBTransmitErrorCounter), (12 bytes).
    Removing stm32f10x_can.o(i.CAN_GetLastErrorCode), (12 bytes).
    Removing stm32f10x_can.o(i.CAN_GetReceiveErrorCounter), (10 bytes).
    Removing stm32f10x_can.o(i.CAN_ITConfig), (18 bytes).
    Removing stm32f10x_can.o(i.CAN_Init), (276 bytes).
    Removing stm32f10x_can.o(i.CAN_MessagePending), (30 bytes).
    Removing stm32f10x_can.o(i.CAN_OperatingModeRequest), (162 bytes).
    Removing stm32f10x_can.o(i.CAN_Receive), (240 bytes).
    Removing stm32f10x_can.o(i.CAN_SlaveStartBank), (52 bytes).
    Removing stm32f10x_can.o(i.CAN_Sleep), (30 bytes).
    Removing stm32f10x_can.o(i.CAN_StructInit), (32 bytes).
    Removing stm32f10x_can.o(i.CAN_TTComModeCmd), (118 bytes).
    Removing stm32f10x_can.o(i.CAN_Transmit), (294 bytes).
    Removing stm32f10x_can.o(i.CAN_TransmitStatus), (160 bytes).
    Removing stm32f10x_can.o(i.CAN_WakeUp), (48 bytes).
    Removing stm32f10x_can.o(i.CheckITStatus), (18 bytes).
    Removing stm32f10x_fsmc.o(i.FSMC_ClearFlag), (64 bytes).
    Removing stm32f10x_fsmc.o(i.FSMC_ClearITPendingBit), (72 bytes).
    Removing stm32f10x_fsmc.o(i.FSMC_GetECC), (28 bytes).
    Removing stm32f10x_fsmc.o(i.FSMC_GetFlagStatus), (56 bytes).
    Removing stm32f10x_fsmc.o(i.FSMC_GetITStatus), (68 bytes).
    Removing stm32f10x_fsmc.o(i.FSMC_ITConfig), (128 bytes).
    Removing stm32f10x_fsmc.o(i.FSMC_NANDCmd), (92 bytes).
    Removing stm32f10x_fsmc.o(i.FSMC_NANDDeInit), (68 bytes).
    Removing stm32f10x_fsmc.o(i.FSMC_NANDECCCmd), (92 bytes).
    Removing stm32f10x_fsmc.o(i.FSMC_NANDInit), (136 bytes).
    Removing stm32f10x_fsmc.o(i.FSMC_NANDStructInit), (54 bytes).
    Removing stm32f10x_fsmc.o(i.FSMC_NORSRAMCmd), (52 bytes).
    Removing stm32f10x_fsmc.o(i.FSMC_NORSRAMDeInit), (54 bytes).
    Removing stm32f10x_fsmc.o(i.FSMC_NORSRAMInit), (230 bytes).
    Removing stm32f10x_fsmc.o(i.FSMC_NORSRAMStructInit), (114 bytes).
    Removing stm32f10x_fsmc.o(i.FSMC_PCCARDCmd), (48 bytes).
    Removing stm32f10x_fsmc.o(i.FSMC_PCCARDDeInit), (40 bytes).
    Removing stm32f10x_fsmc.o(i.FSMC_PCCARDInit), (132 bytes).
    Removing stm32f10x_fsmc.o(i.FSMC_PCCARDStructInit), (60 bytes).
    Removing stm32f10x_spi.o(i.I2S_Cmd), (24 bytes).
    Removing stm32f10x_spi.o(i.I2S_Init), (232 bytes).
    Removing stm32f10x_spi.o(i.I2S_StructInit), (20 bytes).
    Removing stm32f10x_spi.o(i.SPI_BiDirectionalLineConfig), (28 bytes).
    Removing stm32f10x_spi.o(i.SPI_CalculateCRC), (24 bytes).
    Removing stm32f10x_spi.o(i.SPI_Cmd), (24 bytes).
    Removing stm32f10x_spi.o(i.SPI_DataSizeConfig), (18 bytes).
    Removing stm32f10x_spi.o(i.SPI_GetCRC), (16 bytes).
    Removing stm32f10x_spi.o(i.SPI_GetCRCPolynomial), (6 bytes).
    Removing stm32f10x_spi.o(i.SPI_I2S_ClearFlag), (6 bytes).
    Removing stm32f10x_spi.o(i.SPI_I2S_ClearITPendingBit), (20 bytes).
    Removing stm32f10x_spi.o(i.SPI_I2S_DMACmd), (18 bytes).
    Removing stm32f10x_spi.o(i.SPI_I2S_DeInit), (88 bytes).
    Removing stm32f10x_spi.o(i.SPI_I2S_GetFlagStatus), (18 bytes).
    Removing stm32f10x_spi.o(i.SPI_I2S_GetITStatus), (52 bytes).
    Removing stm32f10x_spi.o(i.SPI_I2S_ITConfig), (32 bytes).
    Removing stm32f10x_spi.o(i.SPI_I2S_ReceiveData), (6 bytes).
    Removing stm32f10x_spi.o(i.SPI_I2S_SendData), (4 bytes).
    Removing stm32f10x_spi.o(i.SPI_Init), (60 bytes).
    Removing stm32f10x_spi.o(i.SPI_NSSInternalSoftwareConfig), (30 bytes).
    Removing stm32f10x_spi.o(i.SPI_SSOutputCmd), (24 bytes).
    Removing stm32f10x_spi.o(i.SPI_StructInit), (24 bytes).
    Removing stm32f10x_spi.o(i.SPI_TransmitCRC), (10 bytes).
    Removing stm32f10x_flash.o(i.FLASH_ClearFlag), (12 bytes).
    Removing stm32f10x_flash.o(i.FLASH_EnableWriteProtection), (196 bytes).
    Removing stm32f10x_flash.o(i.FLASH_EraseAllBank1Pages), (72 bytes).
    Removing stm32f10x_flash.o(i.FLASH_EraseAllPages), (72 bytes).
    Removing stm32f10x_flash.o(i.FLASH_EraseOptionBytes), (168 bytes).
    Removing stm32f10x_flash.o(i.FLASH_ErasePage), (76 bytes).
    Removing stm32f10x_flash.o(i.FLASH_GetBank1Status), (52 bytes).
    Removing stm32f10x_flash.o(i.FLASH_GetFlagStatus), (48 bytes).
    Removing stm32f10x_flash.o(i.FLASH_GetPrefetchBufferStatus), (24 bytes).
    Removing stm32f10x_flash.o(i.FLASH_GetReadOutProtectionStatus), (24 bytes).
    Removing stm32f10x_flash.o(i.FLASH_GetStatus), (52 bytes).
    Removing stm32f10x_flash.o(i.FLASH_GetUserOptionByte), (12 bytes).
    Removing stm32f10x_flash.o(i.FLASH_GetWriteProtectionOptionByte), (12 bytes).
    Removing stm32f10x_flash.o(i.FLASH_HalfCycleAccessCmd), (28 bytes).
    Removing stm32f10x_flash.o(i.FLASH_ITConfig), (32 bytes).
    Removing stm32f10x_flash.o(i.FLASH_Lock), (20 bytes).
    Removing stm32f10x_flash.o(i.FLASH_LockBank1), (20 bytes).
    Removing stm32f10x_flash.o(i.FLASH_PrefetchBufferCmd), (28 bytes).
    Removing stm32f10x_flash.o(i.FLASH_ProgramHalfWord), (64 bytes).
    Removing stm32f10x_flash.o(i.FLASH_ProgramOptionByteData), (84 bytes).
    Removing stm32f10x_flash.o(i.FLASH_ProgramWord), (108 bytes).
    Removing stm32f10x_flash.o(i.FLASH_ReadOutProtection), (172 bytes).
    Removing stm32f10x_flash.o(i.FLASH_SetLatency), (24 bytes).
    Removing stm32f10x_flash.o(i.FLASH_Unlock), (24 bytes).
    Removing stm32f10x_flash.o(i.FLASH_UnlockBank1), (24 bytes).
    Removing stm32f10x_flash.o(i.FLASH_UserOptionByteConfig), (104 bytes).
    Removing stm32f10x_flash.o(i.FLASH_WaitForLastBank1Operation), (38 bytes).
    Removing stm32f10x_flash.o(i.FLASH_WaitForLastOperation), (38 bytes).
    Removing system_stm32f10x.o(i.SystemCoreClockUpdate), (164 bytes).
    Removing system_stm32f10x.o(.data), (20 bytes).
    Removing core_cm3.o(.emb_text), (32 bytes).
    Removing bc20.o(i.BC20_RECData), (116 bytes).
    Removing bc20.o(i.BC20_Senddata), (212 bytes).
    Removing usart.o(i.UART1_send_byte), (32 bytes).
    Removing usart.o(i.UART2_send_byte), (32 bytes).
    Removing usart.o(i.UART3_send_byte), (32 bytes).
    Removing usart.o(i.Uart1_SendStr), (40 bytes).
    Removing usart.o(i.Uart3_SendStr), (40 bytes).

379 unused section(s) (total 17070 bytes) removed from the image.

==============================================================================

Image Symbol Table

    Local Symbols

    Symbol Name                              Value     Ov Type        Size  Object(Section)

    ../clib/microlib/division.c              0x00000000   Number         0  uldiv.o ABSOLUTE
    ../clib/microlib/division.c              0x00000000   Number         0  uidiv.o ABSOLUTE
    ../clib/microlib/init/entry.s            0x00000000   Number         0  entry11b.o ABSOLUTE
    ../clib/microlib/init/entry.s            0x00000000   Number         0  entry10a.o ABSOLUTE
    ../clib/microlib/init/entry.s            0x00000000   Number         0  entry9b.o ABSOLUTE
    ../clib/microlib/init/entry.s            0x00000000   Number         0  entry.o ABSOLUTE
    ../clib/microlib/init/entry.s            0x00000000   Number         0  entry8a.o ABSOLUTE
    ../clib/microlib/init/entry.s            0x00000000   Number         0  entry9a.o ABSOLUTE
    ../clib/microlib/init/entry.s            0x00000000   Number         0  entry8b.o ABSOLUTE
    ../clib/microlib/init/entry.s            0x00000000   Number         0  entry2.o ABSOLUTE
    ../clib/microlib/init/entry.s            0x00000000   Number         0  entry12b.o ABSOLUTE
    ../clib/microlib/init/entry.s            0x00000000   Number         0  entry12a.o ABSOLUTE
    ../clib/microlib/init/entry.s            0x00000000   Number         0  entry5.o ABSOLUTE
    ../clib/microlib/init/entry.s            0x00000000   Number         0  entry7a.o ABSOLUTE
    ../clib/microlib/init/entry.s            0x00000000   Number         0  entry7b.o ABSOLUTE
    ../clib/microlib/init/entry.s            0x00000000   Number         0  entry11a.o ABSOLUTE
    ../clib/microlib/init/entry.s            0x00000000   Number         0  entry10b.o ABSOLUTE
    ../clib/microlib/longlong.c              0x00000000   Number         0  llsshr.o ABSOLUTE
    ../clib/microlib/longlong.c              0x00000000   Number         0  llushr.o ABSOLUTE
    ../clib/microlib/longlong.c              0x00000000   Number         0  llshl.o ABSOLUTE
    ../clib/microlib/printf/printf.c         0x00000000   Number         0  printf8.o ABSOLUTE
    ../clib/microlib/printf/printf.c         0x00000000   Number         0  printfa.o ABSOLUTE
    ../clib/microlib/printf/printf.c         0x00000000   Number         0  printf0.o ABSOLUTE
    ../clib/microlib/printf/printf.c         0x00000000   Number         0  printf1.o ABSOLUTE
    ../clib/microlib/printf/printf.c         0x00000000   Number         0  printf2.o ABSOLUTE
    ../clib/microlib/printf/printf.c         0x00000000   Number         0  printf3.o ABSOLUTE
    ../clib/microlib/printf/printf.c         0x00000000   Number         0  printf4.o ABSOLUTE
    ../clib/microlib/printf/printf.c         0x00000000   Number         0  printf5.o ABSOLUTE
    ../clib/microlib/printf/printf.c         0x00000000   Number         0  printf6.o ABSOLUTE
    ../clib/microlib/printf/printf.c         0x00000000   Number         0  printf7.o ABSOLUTE
    ../clib/microlib/printf/printf.c         0x00000000   Number         0  printfb.o ABSOLUTE
    ../clib/microlib/printf/stubs.s          0x00000000   Number         0  stubs.o ABSOLUTE
    ../clib/microlib/stdio/streams.c         0x00000000   Number         0  stdout.o ABSOLUTE
    ../clib/microlib/stdlib/rand.c           0x00000000   Number         0  rand.o ABSOLUTE
    ../clib/microlib/string/memset.c         0x00000000   Number         0  memseta.o ABSOLUTE
    ../clib/microlib/string/strcat.c         0x00000000   Number         0  strcat.o ABSOLUTE
    ../clib/microlib/string/strcpy.c         0x00000000   Number         0  strcpy.o ABSOLUTE
    ../clib/microlib/string/strlen.c         0x00000000   Number         0  strlen.o ABSOLUTE
    ../clib/microlib/string/strncpy.c        0x00000000   Number         0  strncpy.o ABSOLUTE
    ../clib/microlib/string/strstr.c         0x00000000   Number         0  strstr.o ABSOLUTE
    ../clib/microlib/stubs.s                 0x00000000   Number         0  iusefp.o ABSOLUTE
    ../fplib/microlib/d2f.c                  0x00000000   Number         0  d2f.o ABSOLUTE
    ../fplib/microlib/f2d.c                  0x00000000   Number         0  f2d.o ABSOLUTE
    ../fplib/microlib/fpadd.c                0x00000000   Number         0  dadd.o ABSOLUTE
    ../fplib/microlib/fpdiv.c                0x00000000   Number         0  ddiv.o ABSOLUTE
    ../fplib/microlib/fpepilogue.c           0x00000000   Number         0  depilogue.o ABSOLUTE
    ../fplib/microlib/fpepilogue.c           0x00000000   Number         0  fepilogue.o ABSOLUTE
    ../fplib/microlib/fpfix.c                0x00000000   Number         0  dfixul.o ABSOLUTE
    ../fplib/microlib/fpflt.c                0x00000000   Number         0  fflti.o ABSOLUTE
    ../fplib/microlib/fpmul.c                0x00000000   Number         0  dmul.o ABSOLUTE
    APP\BC20\BC20.c                          0x00000000   Number         0  bc20.o ABSOLUTE
    APP\HEXSTR\HEXSTR.c                      0x00000000   Number         0  hexstr.o ABSOLUTE
    APP\adxl345\adxl345.c                    0x00000000   Number         0  adxl345.o ABSOLUTE
    APP\key\key.c                            0x00000000   Number         0  key.o ABSOLUTE
    APP\led\led.c                            0x00000000   Number         0  led.o ABSOLUTE
    Libraries\CMSIS\core_cm3.c               0x00000000   Number         0  core_cm3.o ABSOLUTE
    Libraries\CMSIS\startup_stm32f10x_hd.s   0x00000000   Number         0  startup_stm32f10x_hd.o ABSOLUTE
    Libraries\CMSIS\system_stm32f10x.c       0x00000000   Number         0  system_stm32f10x.o ABSOLUTE
    Libraries\STM32F10x_StdPeriph_Driver\src\misc.c 0x00000000   Number         0  misc.o ABSOLUTE
    Libraries\STM32F10x_StdPeriph_Driver\src\stm32f10x_adc.c 0x00000000   Number         0  stm32f10x_adc.o ABSOLUTE
    Libraries\STM32F10x_StdPeriph_Driver\src\stm32f10x_bkp.c 0x00000000   Number         0  stm32f10x_bkp.o ABSOLUTE
    Libraries\STM32F10x_StdPeriph_Driver\src\stm32f10x_can.c 0x00000000   Number         0  stm32f10x_can.o ABSOLUTE
    Libraries\STM32F10x_StdPeriph_Driver\src\stm32f10x_dac.c 0x00000000   Number         0  stm32f10x_dac.o ABSOLUTE
    Libraries\STM32F10x_StdPeriph_Driver\src\stm32f10x_dma.c 0x00000000   Number         0  stm32f10x_dma.o ABSOLUTE
    Libraries\STM32F10x_StdPeriph_Driver\src\stm32f10x_exti.c 0x00000000   Number         0  stm32f10x_exti.o ABSOLUTE
    Libraries\STM32F10x_StdPeriph_Driver\src\stm32f10x_flash.c 0x00000000   Number         0  stm32f10x_flash.o ABSOLUTE
    Libraries\STM32F10x_StdPeriph_Driver\src\stm32f10x_fsmc.c 0x00000000   Number         0  stm32f10x_fsmc.o ABSOLUTE
    Libraries\STM32F10x_StdPeriph_Driver\src\stm32f10x_gpio.c 0x00000000   Number         0  stm32f10x_gpio.o ABSOLUTE
    Libraries\STM32F10x_StdPeriph_Driver\src\stm32f10x_iwdg.c 0x00000000   Number         0  stm32f10x_iwdg.o ABSOLUTE
    Libraries\STM32F10x_StdPeriph_Driver\src\stm32f10x_pwr.c 0x00000000   Number         0  stm32f10x_pwr.o ABSOLUTE
    Libraries\STM32F10x_StdPeriph_Driver\src\stm32f10x_rcc.c 0x00000000   Number         0  stm32f10x_rcc.o ABSOLUTE
    Libraries\STM32F10x_StdPeriph_Driver\src\stm32f10x_rtc.c 0x00000000   Number         0  stm32f10x_rtc.o ABSOLUTE
    Libraries\STM32F10x_StdPeriph_Driver\src\stm32f10x_spi.c 0x00000000   Number         0  stm32f10x_spi.o ABSOLUTE
    Libraries\STM32F10x_StdPeriph_Driver\src\stm32f10x_tim.c 0x00000000   Number         0  stm32f10x_tim.o ABSOLUTE
    Libraries\STM32F10x_StdPeriph_Driver\src\stm32f10x_usart.c 0x00000000   Number         0  stm32f10x_usart.o ABSOLUTE
    Libraries\STM32F10x_StdPeriph_Driver\src\stm32f10x_wwdg.c 0x00000000   Number         0  stm32f10x_wwdg.o ABSOLUTE
    Libraries\\CMSIS\\core_cm3.c             0x00000000   Number         0  core_cm3.o ABSOLUTE
    Public\SysTick.c                         0x00000000   Number         0  systick.o ABSOLUTE
    Public\system.c                          0x00000000   Number         0  system.o ABSOLUTE
    Public\usart.c                           0x00000000   Number         0  usart.o ABSOLUTE
    User\main.c                              0x00000000   Number         0  main.o ABSOLUTE
    User\stm32f10x_it.c                      0x00000000   Number         0  stm32f10x_it.o ABSOLUTE
    cdrcmple.s                               0x00000000   Number         0  cdrcmple.o ABSOLUTE
    cfcmple.s                                0x00000000   Number         0  cfcmple.o ABSOLUTE
    cfrcmple.s                               0x00000000   Number         0  cfrcmple.o ABSOLUTE
    dc.s                                     0x00000000   Number         0  dc.o ABSOLUTE
    handlers.s                               0x00000000   Number         0  handlers.o ABSOLUTE
    init.s                                   0x00000000   Number         0  init.o ABSOLUTE
    RESET                                    0x08000000   Section      304  startup_stm32f10x_hd.o(RESET)
    .ARM.Collect$$$$00000000                 0x08000130   Section        0  entry.o(.ARM.Collect$$$$00000000)
    .ARM.Collect$$$$00000001                 0x08000130   Section        4  entry2.o(.ARM.Collect$$$$00000001)
    .ARM.Collect$$$$00000004                 0x08000134   Section        4  entry5.o(.ARM.Collect$$$$00000004)
    .ARM.Collect$$$$00000008                 0x08000138   Section        0  entry7b.o(.ARM.Collect$$$$00000008)
    .ARM.Collect$$$$0000000A                 0x08000138   Section        0  entry8b.o(.ARM.Collect$$$$0000000A)
    .ARM.Collect$$$$0000000B                 0x08000138   Section        8  entry9a.o(.ARM.Collect$$$$0000000B)
    .ARM.Collect$$$$0000000E                 0x08000140   Section        4  entry12b.o(.ARM.Collect$$$$0000000E)
    .ARM.Collect$$$$0000000F                 0x08000144   Section        0  entry10a.o(.ARM.Collect$$$$0000000F)
    .ARM.Collect$$$$00000011                 0x08000144   Section        0  entry11a.o(.ARM.Collect$$$$00000011)
    .ARM.Collect$$$$00002712                 0x08000144   Section        4  entry2.o(.ARM.Collect$$$$00002712)
    __lit__00000000                          0x08000144   Data           4  entry2.o(.ARM.Collect$$$$00002712)
    .text                                    0x08000148   Section       36  startup_stm32f10x_hd.o(.text)
    .text                                    0x0800016c   Section        0  rand.o(.text)
    .text                                    0x08000190   Section        0  memseta.o(.text)
    .text                                    0x080001b4   Section        0  strcat.o(.text)
    .text                                    0x080001cc   Section        0  strstr.o(.text)
    .text                                    0x080001f0   Section        0  strncpy.o(.text)
    .text                                    0x08000208   Section        0  strlen.o(.text)
    .text                                    0x08000216   Section        0  strcpy.o(.text)
    .text                                    0x08000228   Section        0  dmul.o(.text)
    .text                                    0x0800030c   Section        0  fflti.o(.text)
    .text                                    0x0800031e   Section        0  f2d.o(.text)
    .text                                    0x08000344   Section        0  d2f.o(.text)
    .text                                    0x0800037c   Section       20  cfcmple.o(.text)
    .text                                    0x08000390   Section       20  cfrcmple.o(.text)
    .text                                    0x080003a4   Section        0  uidiv.o(.text)
    .text                                    0x080003d0   Section        0  uldiv.o(.text)
    .text                                    0x08000432   Section        0  iusefp.o(.text)
    .text                                    0x08000432   Section        0  fepilogue.o(.text)
    .text                                    0x080004a0   Section        0  depilogue.o(.text)
    .text                                    0x0800055a   Section        0  dadd.o(.text)
    .text                                    0x080006a8   Section        0  ddiv.o(.text)
    .text                                    0x08000786   Section        0  dfixul.o(.text)
    .text                                    0x080007b8   Section       48  cdrcmple.o(.text)
    .text                                    0x080007e8   Section       36  init.o(.text)
    .text                                    0x0800080c   Section        0  llshl.o(.text)
    .text                                    0x0800082a   Section        0  llushr.o(.text)
    .text                                    0x0800084a   Section        0  llsshr.o(.text)
    i.ADXL345_RecvACK                        0x08000870   Section        0  adxl345.o(i.ADXL345_RecvACK)
    i.ADXL345_RecvByte                       0x080008c8   Section        0  adxl345.o(i.ADXL345_RecvByte)
    i.ADXL345_SendACK                        0x08000920   Section        0  adxl345.o(i.ADXL345_SendACK)
    i.ADXL345_SendByte                       0x08000964   Section        0  adxl345.o(i.ADXL345_SendByte)
    i.ADXL345_Start                          0x080009c4   Section        0  adxl345.o(i.ADXL345_Start)
    i.ADXL345_Stop                           0x08000a00   Section        0  adxl345.o(i.ADXL345_Stop)
    i.BC20_ConUDP                            0x08000a3c   Section        0  bc20.o(i.BC20_ConUDP)
    i.BC20_INITGNSS                          0x08000b3c   Section        0  bc20.o(i.BC20_INITGNSS)
    i.BC20_Init                              0x08000c18   Section        0  bc20.o(i.BC20_Init)
    i.BC20_PDPACT                            0x08000f88   Section        0  bc20.o(i.BC20_PDPACT)
    i.BC20_SenddataHEX                       0x08001068   Section        0  bc20.o(i.BC20_SenddataHEX)
    i.BusFault_Handler                       0x08001124   Section        0  stm32f10x_it.o(i.BusFault_Handler)
    i.Clear_Buffer                           0x08001128   Section        0  bc20.o(i.Clear_Buffer)
    i.DebugMon_Handler                       0x08001150   Section        0  stm32f10x_it.o(i.DebugMon_Handler)
    i.GPIO_Init                              0x08001152   Section        0  stm32f10x_gpio.o(i.GPIO_Init)
    i.GPIO_ReadInputDataBit                  0x08001268   Section        0  stm32f10x_gpio.o(i.GPIO_ReadInputDataBit)
    i.GPIO_ResetBits                         0x0800127a   Section        0  stm32f10x_gpio.o(i.GPIO_ResetBits)
    i.GPIO_SetBits                           0x0800127e   Section        0  stm32f10x_gpio.o(i.GPIO_SetBits)
    i.HardFault_Handler                      0x08001282   Section        0  stm32f10x_it.o(i.HardFault_Handler)
    i.Init_ADXL345                           0x08001286   Section        0  adxl345.o(i.Init_ADXL345)
    i.KEY_Init                               0x080012c4   Section        0  key.o(i.KEY_Init)
    i.LED_Init                               0x080012e8   Section        0  led.o(i.LED_Init)
    i.MemManage_Handler                      0x08001348   Section        0  stm32f10x_it.o(i.MemManage_Handler)
    i.Multiple_Read_ADXL345                  0x0800134c   Section        0  adxl345.o(i.Multiple_Read_ADXL345)
    i.NMI_Handler                            0x080013a0   Section        0  stm32f10x_it.o(i.NMI_Handler)
    i.NVIC_Init                              0x080013a4   Section        0  misc.o(i.NVIC_Init)
    i.NVIC_PriorityGroupConfig               0x08001414   Section        0  misc.o(i.NVIC_PriorityGroupConfig)
    i.NVIC_SystemReset                       0x08001428   Section        0  bc20.o(i.NVIC_SystemReset)
    NVIC_SystemReset                         0x08001429   Thumb Code    26  bc20.o(i.NVIC_SystemReset)
    i.PendSV_Handler                         0x0800144c   Section        0  stm32f10x_it.o(i.PendSV_Handler)
    i.RCC_APB1PeriphClockCmd                 0x08001450   Section        0  stm32f10x_rcc.o(i.RCC_APB1PeriphClockCmd)
    i.RCC_APB2PeriphClockCmd                 0x08001470   Section        0  stm32f10x_rcc.o(i.RCC_APB2PeriphClockCmd)
    i.RCC_GetClocksFreq                      0x08001490   Section        0  stm32f10x_rcc.o(i.RCC_GetClocksFreq)
    i.ReadData_x                             0x08001564   Section        0  adxl345.o(i.ReadData_x)
    i.SCL_Set_Output                         0x08001610   Section        0  adxl345.o(i.SCL_Set_Output)
    i.SDA_Set_Input                          0x08001630   Section        0  adxl345.o(i.SDA_Set_Input)
    i.SDA_Set_Output                         0x08001654   Section        0  adxl345.o(i.SDA_Set_Output)
    i.SVC_Handler                            0x08001678   Section        0  stm32f10x_it.o(i.SVC_Handler)
    i.SetSysClock                            0x0800167a   Section        0  system_stm32f10x.o(i.SetSysClock)
    SetSysClock                              0x0800167b   Thumb Code     8  system_stm32f10x.o(i.SetSysClock)
    i.SetSysClockTo72                        0x08001684   Section        0  system_stm32f10x.o(i.SetSysClockTo72)
    SetSysClockTo72                          0x08001685   Thumb Code   214  system_stm32f10x.o(i.SetSysClockTo72)
    i.Single_Read_ADXL345                    0x08001764   Section        0  adxl345.o(i.Single_Read_ADXL345)
    i.Single_Write_ADXL345                   0x08001796   Section        0  adxl345.o(i.Single_Write_ADXL345)
    i.Str2Hex                                0x080017b8   Section        0  hexstr.o(i.Str2Hex)
    i.SysTick_CLKSourceConfig                0x0800180c   Section        0  misc.o(i.SysTick_CLKSourceConfig)
    i.SysTick_Handler                        0x08001834   Section        0  stm32f10x_it.o(i.SysTick_Handler)
    i.SysTick_Init                           0x08001838   Section        0  systick.o(i.SysTick_Init)
    i.SystemInit                             0x08001874   Section        0  system_stm32f10x.o(i.SystemInit)
    i.USART1_IRQHandler                      0x080018d4   Section        0  usart.o(i.USART1_IRQHandler)
    i.USART2_IRQHandler                      0x0800190c   Section        0  usart.o(i.USART2_IRQHandler)
    i.USART3_IRQHandler                      0x0800195c   Section        0  usart.o(i.USART3_IRQHandler)
    i.USART_ClearFlag                        0x080019ac   Section        0  stm32f10x_usart.o(i.USART_ClearFlag)
    i.USART_ClearITPendingBit                0x080019be   Section        0  stm32f10x_usart.o(i.USART_ClearITPendingBit)
    i.USART_Cmd                              0x080019dc   Section        0  stm32f10x_usart.o(i.USART_Cmd)
    i.USART_GetFlagStatus                    0x080019f4   Section        0  stm32f10x_usart.o(i.USART_GetFlagStatus)
    i.USART_GetITStatus                      0x08001a0e   Section        0  stm32f10x_usart.o(i.USART_GetITStatus)
    i.USART_ITConfig                         0x08001a62   Section        0  stm32f10x_usart.o(i.USART_ITConfig)
    i.USART_Init                             0x08001aac   Section        0  stm32f10x_usart.o(i.USART_Init)
    i.USART_ReceiveData                      0x08001b84   Section        0  stm32f10x_usart.o(i.USART_ReceiveData)
    i.Uart2_SendStr                          0x08001b90   Section        0  usart.o(i.Uart2_SendStr)
    i.UsageFault_Handler                     0x08001bb8   Section        0  stm32f10x_it.o(i.UsageFault_Handler)
    i.Value2Hex                              0x08001bbc   Section        0  hexstr.o(i.Value2Hex)
    i.__0printf                              0x08001be0   Section        0  printfa.o(i.__0printf)
    i.__0printf$3                            0x08001c00   Section        0  printf3.o(i.__0printf$3)
    i.__0sprintf$3                           0x08001c20   Section        0  printf3.o(i.__0sprintf$3)
    i.__scatterload_copy                     0x08001c48   Section       14  handlers.o(i.__scatterload_copy)
    i.__scatterload_null                     0x08001c56   Section        2  handlers.o(i.__scatterload_null)
    i.__scatterload_zeroinit                 0x08001c58   Section       14  handlers.o(i.__scatterload_zeroinit)
    i._fp_digits                             0x08001c68   Section        0  printfa.o(i._fp_digits)
    _fp_digits                               0x08001c69   Thumb Code   366  printfa.o(i._fp_digits)
    i._printf_core                           0x08001dec   Section        0  printf3.o(i._printf_core)
    _printf_core                             0x08001ded   Thumb Code   436  printf3.o(i._printf_core)
    i._printf_core                           0x08001fa4   Section        0  printfa.o(i._printf_core)
    _printf_core                             0x08001fa5   Thumb Code  1704  printfa.o(i._printf_core)
    i._printf_post_padding                   0x08002658   Section        0  printfa.o(i._printf_post_padding)
    _printf_post_padding                     0x08002659   Thumb Code    36  printfa.o(i._printf_post_padding)
    i._printf_pre_padding                    0x0800267c   Section        0  printfa.o(i._printf_pre_padding)
    _printf_pre_padding                      0x0800267d   Thumb Code    46  printfa.o(i._printf_pre_padding)
    i._sputc                                 0x080026aa   Section        0  printf3.o(i._sputc)
    _sputc                                   0x080026ab   Thumb Code    10  printf3.o(i._sputc)
    i.bluetooth_receive_process_event        0x080026b4   Section        0  usart.o(i.bluetooth_receive_process_event)
    i.delay_ms                               0x080026e8   Section        0  systick.o(i.delay_ms)
    i.delay_us                               0x08002734   Section        0  systick.o(i.delay_us)
    i.fputc                                  0x08002780   Section        0  usart.o(i.fputc)
    i.main                                   0x0800279c   Section        0  main.o(i.main)
    i.nbiot_receive_process_event            0x08002ce0   Section        0  usart.o(i.nbiot_receive_process_event)
    i.uart1_init                             0x08002d10   Section        0  usart.o(i.uart1_init)
    i.uart2_init                             0x08002db0   Section        0  usart.o(i.uart2_init)
    i.uart3_init                             0x08002e5c   Section        0  usart.o(i.uart3_init)
    .data                                    0x20000000   Section       21  main.o(.data)
    .data                                    0x20000015   Section       20  stm32f10x_rcc.o(.data)
    APBAHBPrescTable                         0x20000015   Data          16  stm32f10x_rcc.o(.data)
    ADCPrescTable                            0x20000025   Data           4  stm32f10x_rcc.o(.data)
    .data                                    0x2000002c   Section       28  adxl345.o(.data)
    .data                                    0x20000048   Section       16  bc20.o(.data)
    .data                                    0x20000058   Section        4  systick.o(.data)
    fac_us                                   0x20000058   Data           1  systick.o(.data)
    fac_ms                                   0x2000005a   Data           2  systick.o(.data)
    .data                                    0x2000005c   Section        4  usart.o(.data)
    .data                                    0x20000060   Section        4  rand.o(.data)
    _rand_state                              0x20000060   Data           4  rand.o(.data)
    .data                                    0x20000064   Section        4  stdout.o(.data)
    .bss                                     0x20000068   Section      379  bc20.o(.bss)
    .bss                                     0x200001e4   Section     1560  usart.o(.bss)
    STACK                                    0x20000800   Section     1024  startup_stm32f10x_hd.o(STACK)

    Global Symbols

    Symbol Name                              Value     Ov Type        Size  Object(Section)

    BuildAttributes$$THM_ISAv4$P$D$K$B$S$PE$A:L22UL41UL21$X:L11$S22US41US21$IEEE1$IW$USESV6$~STKCKD$USESV7$~SHL$OTIME$ROPI$EBA8$MICROLIB$REQ8$PRES8$EABIv2 0x00000000   Number         0  anon$$obj.o ABSOLUTE
    __ARM_use_no_argv                        0x00000000   Number         0  main.o ABSOLUTE
    _printf_a                                0x00000000   Number         0  stubs.o ABSOLUTE
    _printf_c                                0x00000000   Number         0  stubs.o ABSOLUTE
    _printf_charcount                        0x00000000   Number         0  stubs.o ABSOLUTE
    _printf_d                                0x00000000   Number         0  stubs.o ABSOLUTE
    _printf_e                                0x00000000   Number         0  stubs.o ABSOLUTE
    _printf_f                                0x00000000   Number         0  stubs.o ABSOLUTE
    _printf_flags                            0x00000000   Number         0  stubs.o ABSOLUTE
    _printf_fp_dec                           0x00000000   Number         0  stubs.o ABSOLUTE
    _printf_fp_hex                           0x00000000   Number         0  stubs.o ABSOLUTE
    _printf_g                                0x00000000   Number         0  stubs.o ABSOLUTE
    _printf_i                                0x00000000   Number         0  stubs.o ABSOLUTE
    _printf_int_dec                          0x00000000   Number         0  stubs.o ABSOLUTE
    _printf_l                                0x00000000   Number         0  stubs.o ABSOLUTE
    _printf_lc                               0x00000000   Number         0  stubs.o ABSOLUTE
    _printf_ll                               0x00000000   Number         0  stubs.o ABSOLUTE
    _printf_lld                              0x00000000   Number         0  stubs.o ABSOLUTE
    _printf_lli                              0x00000000   Number         0  stubs.o ABSOLUTE
    _printf_llo                              0x00000000   Number         0  stubs.o ABSOLUTE
    _printf_llu                              0x00000000   Number         0  stubs.o ABSOLUTE
    _printf_llx                              0x00000000   Number         0  stubs.o ABSOLUTE
    _printf_longlong_dec                     0x00000000   Number         0  stubs.o ABSOLUTE
    _printf_longlong_hex                     0x00000000   Number         0  stubs.o ABSOLUTE
    _printf_longlong_oct                     0x00000000   Number         0  stubs.o ABSOLUTE
    _printf_ls                               0x00000000   Number         0  stubs.o ABSOLUTE
    _printf_mbtowc                           0x00000000   Number         0  stubs.o ABSOLUTE
    _printf_n                                0x00000000   Number         0  stubs.o ABSOLUTE
    _printf_o                                0x00000000   Number         0  stubs.o ABSOLUTE
    _printf_p                                0x00000000   Number         0  stubs.o ABSOLUTE
    _printf_percent                          0x00000000   Number         0  stubs.o ABSOLUTE
    _printf_pre_padding                      0x00000000   Number         0  stubs.o ABSOLUTE
    _printf_return_value                     0x00000000   Number         0  stubs.o ABSOLUTE
    _printf_s                                0x00000000   Number         0  stubs.o ABSOLUTE
    _printf_sizespec                         0x00000000   Number         0  stubs.o ABSOLUTE
    _printf_str                              0x00000000   Number         0  stubs.o ABSOLUTE
    _printf_truncate_signed                  0x00000000   Number         0  stubs.o ABSOLUTE
    _printf_truncate_unsigned                0x00000000   Number         0  stubs.o ABSOLUTE
    _printf_u                                0x00000000   Number         0  stubs.o ABSOLUTE
    _printf_wc                               0x00000000   Number         0  stubs.o ABSOLUTE
    _printf_wctomb                           0x00000000   Number         0  stubs.o ABSOLUTE
    _printf_widthprec                        0x00000000   Number         0  stubs.o ABSOLUTE
    _printf_x                                0x00000000   Number         0  stubs.o ABSOLUTE
    __arm_fini_                               - Undefined Weak Reference
    __cpp_initialize__aeabi_                  - Undefined Weak Reference
    __cxa_finalize                            - Undefined Weak Reference
    __decompress                              - Undefined Weak Reference
    _clock_init                               - Undefined Weak Reference
    _microlib_exit                            - Undefined Weak Reference
    __Vectors_Size                           0x00000130   Number         0  startup_stm32f10x_hd.o ABSOLUTE
    __Vectors                                0x08000000   Data           4  startup_stm32f10x_hd.o(RESET)
    __Vectors_End                            0x08000130   Data           0  startup_stm32f10x_hd.o(RESET)
    __main                                   0x08000131   Thumb Code     0  entry.o(.ARM.Collect$$$$00000000)
    _main_stk                                0x08000131   Thumb Code     0  entry2.o(.ARM.Collect$$$$00000001)
    _main_scatterload                        0x08000135   Thumb Code     0  entry5.o(.ARM.Collect$$$$00000004)
    __main_after_scatterload                 0x08000139   Thumb Code     0  entry5.o(.ARM.Collect$$$$00000004)
    _main_clock                              0x08000139   Thumb Code     0  entry7b.o(.ARM.Collect$$$$00000008)
    _main_cpp_init                           0x08000139   Thumb Code     0  entry8b.o(.ARM.Collect$$$$0000000A)
    _main_init                               0x08000139   Thumb Code     0  entry9a.o(.ARM.Collect$$$$0000000B)
    __rt_lib_shutdown_fini                   0x08000141   Thumb Code     0  entry12b.o(.ARM.Collect$$$$0000000E)
    __rt_final_cpp                           0x08000145   Thumb Code     0  entry10a.o(.ARM.Collect$$$$0000000F)
    __rt_final_exit                          0x08000145   Thumb Code     0  entry11a.o(.ARM.Collect$$$$00000011)
    Reset_Handler                            0x08000149   Thumb Code     8  startup_stm32f10x_hd.o(.text)
    ADC1_2_IRQHandler                        0x08000163   Thumb Code     0  startup_stm32f10x_hd.o(.text)
    ADC3_IRQHandler                          0x08000163   Thumb Code     0  startup_stm32f10x_hd.o(.text)
    CAN1_RX1_IRQHandler                      0x08000163   Thumb Code     0  startup_stm32f10x_hd.o(.text)
    CAN1_SCE_IRQHandler                      0x08000163   Thumb Code     0  startup_stm32f10x_hd.o(.text)
    DMA1_Channel1_IRQHandler                 0x08000163   Thumb Code     0  startup_stm32f10x_hd.o(.text)
    DMA1_Channel2_IRQHandler                 0x08000163   Thumb Code     0  startup_stm32f10x_hd.o(.text)
    DMA1_Channel3_IRQHandler                 0x08000163   Thumb Code     0  startup_stm32f10x_hd.o(.text)
    DMA1_Channel4_IRQHandler                 0x08000163   Thumb Code     0  startup_stm32f10x_hd.o(.text)
    DMA1_Channel5_IRQHandler                 0x08000163   Thumb Code     0  startup_stm32f10x_hd.o(.text)
    DMA1_Channel6_IRQHandler                 0x08000163   Thumb Code     0  startup_stm32f10x_hd.o(.text)
    DMA1_Channel7_IRQHandler                 0x08000163   Thumb Code     0  startup_stm32f10x_hd.o(.text)
    DMA2_Channel1_IRQHandler                 0x08000163   Thumb Code     0  startup_stm32f10x_hd.o(.text)
    DMA2_Channel2_IRQHandler                 0x08000163   Thumb Code     0  startup_stm32f10x_hd.o(.text)
    DMA2_Channel3_IRQHandler                 0x08000163   Thumb Code     0  startup_stm32f10x_hd.o(.text)
    DMA2_Channel4_5_IRQHandler               0x08000163   Thumb Code     0  startup_stm32f10x_hd.o(.text)
    EXTI0_IRQHandler                         0x08000163   Thumb Code     0  startup_stm32f10x_hd.o(.text)
    EXTI15_10_IRQHandler                     0x08000163   Thumb Code     0  startup_stm32f10x_hd.o(.text)
    EXTI1_IRQHandler                         0x08000163   Thumb Code     0  startup_stm32f10x_hd.o(.text)
    EXTI2_IRQHandler                         0x08000163   Thumb Code     0  startup_stm32f10x_hd.o(.text)
    EXTI3_IRQHandler                         0x08000163   Thumb Code     0  startup_stm32f10x_hd.o(.text)
    EXTI4_IRQHandler                         0x08000163   Thumb Code     0  startup_stm32f10x_hd.o(.text)
    EXTI9_5_IRQHandler                       0x08000163   Thumb Code     0  startup_stm32f10x_hd.o(.text)
    FLASH_IRQHandler                         0x08000163   Thumb Code     0  startup_stm32f10x_hd.o(.text)
    FSMC_IRQHandler                          0x08000163   Thumb Code     0  startup_stm32f10x_hd.o(.text)
    I2C1_ER_IRQHandler                       0x08000163   Thumb Code     0  startup_stm32f10x_hd.o(.text)
    I2C1_EV_IRQHandler                       0x08000163   Thumb Code     0  startup_stm32f10x_hd.o(.text)
    I2C2_ER_IRQHandler                       0x08000163   Thumb Code     0  startup_stm32f10x_hd.o(.text)
    I2C2_EV_IRQHandler                       0x08000163   Thumb Code     0  startup_stm32f10x_hd.o(.text)
    PVD_IRQHandler                           0x08000163   Thumb Code     0  startup_stm32f10x_hd.o(.text)
    RCC_IRQHandler                           0x08000163   Thumb Code     0  startup_stm32f10x_hd.o(.text)
    RTCAlarm_IRQHandler                      0x08000163   Thumb Code     0  startup_stm32f10x_hd.o(.text)
    RTC_IRQHandler                           0x08000163   Thumb Code     0  startup_stm32f10x_hd.o(.text)
    SDIO_IRQHandler                          0x08000163   Thumb Code     0  startup_stm32f10x_hd.o(.text)
    SPI1_IRQHandler                          0x08000163   Thumb Code     0  startup_stm32f10x_hd.o(.text)
    SPI2_IRQHandler                          0x08000163   Thumb Code     0  startup_stm32f10x_hd.o(.text)
    SPI3_IRQHandler                          0x08000163   Thumb Code     0  startup_stm32f10x_hd.o(.text)
    TAMPER_IRQHandler                        0x08000163   Thumb Code     0  startup_stm32f10x_hd.o(.text)
    TIM1_BRK_IRQHandler                      0x08000163   Thumb Code     0  startup_stm32f10x_hd.o(.text)
    TIM1_CC_IRQHandler                       0x08000163   Thumb Code     0  startup_stm32f10x_hd.o(.text)
    TIM1_TRG_COM_IRQHandler                  0x08000163   Thumb Code     0  startup_stm32f10x_hd.o(.text)
    TIM1_UP_IRQHandler                       0x08000163   Thumb Code     0  startup_stm32f10x_hd.o(.text)
    TIM2_IRQHandler                          0x08000163   Thumb Code     0  startup_stm32f10x_hd.o(.text)
    TIM3_IRQHandler                          0x08000163   Thumb Code     0  startup_stm32f10x_hd.o(.text)
    TIM4_IRQHandler                          0x08000163   Thumb Code     0  startup_stm32f10x_hd.o(.text)
    TIM5_IRQHandler                          0x08000163   Thumb Code     0  startup_stm32f10x_hd.o(.text)
    TIM6_IRQHandler                          0x08000163   Thumb Code     0  startup_stm32f10x_hd.o(.text)
    TIM7_IRQHandler                          0x08000163   Thumb Code     0  startup_stm32f10x_hd.o(.text)
    TIM8_BRK_IRQHandler                      0x08000163   Thumb Code     0  startup_stm32f10x_hd.o(.text)
    TIM8_CC_IRQHandler                       0x08000163   Thumb Code     0  startup_stm32f10x_hd.o(.text)
    TIM8_TRG_COM_IRQHandler                  0x08000163   Thumb Code     0  startup_stm32f10x_hd.o(.text)
    TIM8_UP_IRQHandler                       0x08000163   Thumb Code     0  startup_stm32f10x_hd.o(.text)
    UART4_IRQHandler                         0x08000163   Thumb Code     0  startup_stm32f10x_hd.o(.text)
    UART5_IRQHandler                         0x08000163   Thumb Code     0  startup_stm32f10x_hd.o(.text)
    USBWakeUp_IRQHandler                     0x08000163   Thumb Code     0  startup_stm32f10x_hd.o(.text)
    USB_HP_CAN1_TX_IRQHandler                0x08000163   Thumb Code     0  startup_stm32f10x_hd.o(.text)
    USB_LP_CAN1_RX0_IRQHandler               0x08000163   Thumb Code     0  startup_stm32f10x_hd.o(.text)
    WWDG_IRQHandler                          0x08000163   Thumb Code     0  startup_stm32f10x_hd.o(.text)
    rand                                     0x0800016d   Thumb Code    20  rand.o(.text)
    srand                                    0x08000181   Thumb Code     6  rand.o(.text)
    __aeabi_memset                           0x08000191   Thumb Code    14  memseta.o(.text)
    __aeabi_memset4                          0x08000191   Thumb Code     0  memseta.o(.text)
    __aeabi_memset8                          0x08000191   Thumb Code     0  memseta.o(.text)
    __aeabi_memclr                           0x0800019f   Thumb Code     4  memseta.o(.text)
    __aeabi_memclr4                          0x0800019f   Thumb Code     0  memseta.o(.text)
    __aeabi_memclr8                          0x0800019f   Thumb Code     0  memseta.o(.text)
    _memset$wrapper                          0x080001a3   Thumb Code    18  memseta.o(.text)
    strcat                                   0x080001b5   Thumb Code    24  strcat.o(.text)
    strstr                                   0x080001cd   Thumb Code    36  strstr.o(.text)
    strncpy                                  0x080001f1   Thumb Code    24  strncpy.o(.text)
    strlen                                   0x08000209   Thumb Code    14  strlen.o(.text)
    strcpy                                   0x08000217   Thumb Code    18  strcpy.o(.text)
    __aeabi_dmul                             0x08000229   Thumb Code   228  dmul.o(.text)
    __aeabi_i2f                              0x0800030d   Thumb Code    18  fflti.o(.text)
    __aeabi_f2d                              0x0800031f   Thumb Code    38  f2d.o(.text)
    __aeabi_d2f                              0x08000345   Thumb Code    56  d2f.o(.text)
    __aeabi_cfcmpeq                          0x0800037d   Thumb Code     0  cfcmple.o(.text)
    __aeabi_cfcmple                          0x0800037d   Thumb Code    20  cfcmple.o(.text)
    __aeabi_cfrcmple                         0x08000391   Thumb Code    20  cfrcmple.o(.text)
    __aeabi_uidiv                            0x080003a5   Thumb Code     0  uidiv.o(.text)
    __aeabi_uidivmod                         0x080003a5   Thumb Code    44  uidiv.o(.text)
    __aeabi_uldivmod                         0x080003d1   Thumb Code    98  uldiv.o(.text)
    __I$use$fp                               0x08000433   Thumb Code     0  iusefp.o(.text)
    _float_round                             0x08000433   Thumb Code    18  fepilogue.o(.text)
    _float_epilogue                          0x08000445   Thumb Code    92  fepilogue.o(.text)
    _double_round                            0x080004a1   Thumb Code    30  depilogue.o(.text)
    _double_epilogue                         0x080004bf   Thumb Code   156  depilogue.o(.text)
    __aeabi_dadd                             0x0800055b   Thumb Code   322  dadd.o(.text)
    __aeabi_dsub                             0x0800069d   Thumb Code     6  dadd.o(.text)
    __aeabi_drsub                            0x080006a3   Thumb Code     6  dadd.o(.text)
    __aeabi_ddiv                             0x080006a9   Thumb Code   222  ddiv.o(.text)
    __aeabi_d2ulz                            0x08000787   Thumb Code    48  dfixul.o(.text)
    __aeabi_cdrcmple                         0x080007b9   Thumb Code    48  cdrcmple.o(.text)
    __scatterload                            0x080007e9   Thumb Code    28  init.o(.text)
    __scatterload_rt2                        0x080007e9   Thumb Code     0  init.o(.text)
    __aeabi_llsl                             0x0800080d   Thumb Code    30  llshl.o(.text)
    _ll_shift_l                              0x0800080d   Thumb Code     0  llshl.o(.text)
    __aeabi_llsr                             0x0800082b   Thumb Code    32  llushr.o(.text)
    _ll_ushift_r                             0x0800082b   Thumb Code     0  llushr.o(.text)
    __aeabi_lasr                             0x0800084b   Thumb Code    36  llsshr.o(.text)
    _ll_sshift_r                             0x0800084b   Thumb Code     0  llsshr.o(.text)
    ADXL345_RecvACK                          0x08000871   Thumb Code    80  adxl345.o(i.ADXL345_RecvACK)
    ADXL345_RecvByte                         0x080008c9   Thumb Code    84  adxl345.o(i.ADXL345_RecvByte)
    ADXL345_SendACK                          0x08000921   Thumb Code    62  adxl345.o(i.ADXL345_SendACK)
    ADXL345_SendByte                         0x08000965   Thumb Code    92  adxl345.o(i.ADXL345_SendByte)
    ADXL345_Start                            0x080009c5   Thumb Code    56  adxl345.o(i.ADXL345_Start)
    ADXL345_Stop                             0x08000a01   Thumb Code    56  adxl345.o(i.ADXL345_Stop)
    BC20_ConUDP                              0x08000a3d   Thumb Code   130  bc20.o(i.BC20_ConUDP)
    BC20_INITGNSS                            0x08000b3d   Thumb Code   144  bc20.o(i.BC20_INITGNSS)
    BC20_Init                                0x08000c19   Thumb Code   560  bc20.o(i.BC20_Init)
    BC20_PDPACT                              0x08000f89   Thumb Code   130  bc20.o(i.BC20_PDPACT)
    BC20_SenddataHEX                         0x08001069   Thumb Code   122  bc20.o(i.BC20_SenddataHEX)
    BusFault_Handler                         0x08001125   Thumb Code     4  stm32f10x_it.o(i.BusFault_Handler)
    Clear_Buffer                             0x08001129   Thumb Code    36  bc20.o(i.Clear_Buffer)
    DebugMon_Handler                         0x08001151   Thumb Code     2  stm32f10x_it.o(i.DebugMon_Handler)
    GPIO_Init                                0x08001153   Thumb Code   278  stm32f10x_gpio.o(i.GPIO_Init)
    GPIO_ReadInputDataBit                    0x08001269   Thumb Code    18  stm32f10x_gpio.o(i.GPIO_ReadInputDataBit)
    GPIO_ResetBits                           0x0800127b   Thumb Code     4  stm32f10x_gpio.o(i.GPIO_ResetBits)
    GPIO_SetBits                             0x0800127f   Thumb Code     4  stm32f10x_gpio.o(i.GPIO_SetBits)
    HardFault_Handler                        0x08001283   Thumb Code     4  stm32f10x_it.o(i.HardFault_Handler)
    Init_ADXL345                             0x08001287   Thumb Code    62  adxl345.o(i.Init_ADXL345)
    KEY_Init                                 0x080012c5   Thumb Code    32  key.o(i.KEY_Init)
    LED_Init                                 0x080012e9   Thumb Code    88  led.o(i.LED_Init)
    MemManage_Handler                        0x08001349   Thumb Code     4  stm32f10x_it.o(i.MemManage_Handler)
    Multiple_Read_ADXL345                    0x0800134d   Thumb Code    78  adxl345.o(i.Multiple_Read_ADXL345)
    NMI_Handler                              0x080013a1   Thumb Code     2  stm32f10x_it.o(i.NMI_Handler)
    NVIC_Init                                0x080013a5   Thumb Code   100  misc.o(i.NVIC_Init)
    NVIC_PriorityGroupConfig                 0x08001415   Thumb Code    10  misc.o(i.NVIC_PriorityGroupConfig)
    PendSV_Handler                           0x0800144d   Thumb Code     2  stm32f10x_it.o(i.PendSV_Handler)
    RCC_APB1PeriphClockCmd                   0x08001451   Thumb Code    26  stm32f10x_rcc.o(i.RCC_APB1PeriphClockCmd)
    RCC_APB2PeriphClockCmd                   0x08001471   Thumb Code    26  stm32f10x_rcc.o(i.RCC_APB2PeriphClockCmd)
    RCC_GetClocksFreq                        0x08001491   Thumb Code   192  stm32f10x_rcc.o(i.RCC_GetClocksFreq)
    ReadData_x                               0x08001565   Thumb Code   150  adxl345.o(i.ReadData_x)
    SCL_Set_Output                           0x08001611   Thumb Code    28  adxl345.o(i.SCL_Set_Output)
    SDA_Set_Input                            0x08001631   Thumb Code    30  adxl345.o(i.SDA_Set_Input)
    SDA_Set_Output                           0x08001655   Thumb Code    30  adxl345.o(i.SDA_Set_Output)
    SVC_Handler                              0x08001679   Thumb Code     2  stm32f10x_it.o(i.SVC_Handler)
    Single_Read_ADXL345                      0x08001765   Thumb Code    50  adxl345.o(i.Single_Read_ADXL345)
    Single_Write_ADXL345                     0x08001797   Thumb Code    34  adxl345.o(i.Single_Write_ADXL345)
    Str2Hex                                  0x080017b9   Thumb Code    84  hexstr.o(i.Str2Hex)
    SysTick_CLKSourceConfig                  0x0800180d   Thumb Code    40  misc.o(i.SysTick_CLKSourceConfig)
    SysTick_Handler                          0x08001835   Thumb Code     2  stm32f10x_it.o(i.SysTick_Handler)
    SysTick_Init                             0x08001839   Thumb Code    52  systick.o(i.SysTick_Init)
    SystemInit                               0x08001875   Thumb Code    78  system_stm32f10x.o(i.SystemInit)
    USART1_IRQHandler                        0x080018d5   Thumb Code    46  usart.o(i.USART1_IRQHandler)
    USART2_IRQHandler                        0x0800190d   Thumb Code    76  usart.o(i.USART2_IRQHandler)
    USART3_IRQHandler                        0x0800195d   Thumb Code    76  usart.o(i.USART3_IRQHandler)
    USART_ClearFlag                          0x080019ad   Thumb Code    18  stm32f10x_usart.o(i.USART_ClearFlag)
    USART_ClearITPendingBit                  0x080019bf   Thumb Code    30  stm32f10x_usart.o(i.USART_ClearITPendingBit)
    USART_Cmd                                0x080019dd   Thumb Code    24  stm32f10x_usart.o(i.USART_Cmd)
    USART_GetFlagStatus                      0x080019f5   Thumb Code    26  stm32f10x_usart.o(i.USART_GetFlagStatus)
    USART_GetITStatus                        0x08001a0f   Thumb Code    84  stm32f10x_usart.o(i.USART_GetITStatus)
    USART_ITConfig                           0x08001a63   Thumb Code    74  stm32f10x_usart.o(i.USART_ITConfig)
    USART_Init                               0x08001aad   Thumb Code   210  stm32f10x_usart.o(i.USART_Init)
    USART_ReceiveData                        0x08001b85   Thumb Code    10  stm32f10x_usart.o(i.USART_ReceiveData)
    Uart2_SendStr                            0x08001b91   Thumb Code    34  usart.o(i.Uart2_SendStr)
    UsageFault_Handler                       0x08001bb9   Thumb Code     4  stm32f10x_it.o(i.UsageFault_Handler)
    Value2Hex                                0x08001bbd   Thumb Code    36  hexstr.o(i.Value2Hex)
    __0printf                                0x08001be1   Thumb Code    22  printfa.o(i.__0printf)
    __1printf                                0x08001be1   Thumb Code     0  printfa.o(i.__0printf)
    __2printf$full                           0x08001be1   Thumb Code     0  printfa.o(i.__0printf)
    __c89printf                              0x08001be1   Thumb Code     0  printfa.o(i.__0printf)
    printf                                   0x08001be1   Thumb Code     0  printfa.o(i.__0printf)
    __0printf$3                              0x08001c01   Thumb Code    22  printf3.o(i.__0printf$3)
    __1printf$3                              0x08001c01   Thumb Code     0  printf3.o(i.__0printf$3)
    __2printf                                0x08001c01   Thumb Code     0  printf3.o(i.__0printf$3)
    __0sprintf$3                             0x08001c21   Thumb Code    34  printf3.o(i.__0sprintf$3)
    __1sprintf$3                             0x08001c21   Thumb Code     0  printf3.o(i.__0sprintf$3)
    __2sprintf                               0x08001c21   Thumb Code     0  printf3.o(i.__0sprintf$3)
    __scatterload_copy                       0x08001c49   Thumb Code    14  handlers.o(i.__scatterload_copy)
    __scatterload_null                       0x08001c57   Thumb Code     2  handlers.o(i.__scatterload_null)
    __scatterload_zeroinit                   0x08001c59   Thumb Code    14  handlers.o(i.__scatterload_zeroinit)
    bluetooth_receive_process_event          0x080026b5   Thumb Code    44  usart.o(i.bluetooth_receive_process_event)
    delay_ms                                 0x080026e9   Thumb Code    72  systick.o(i.delay_ms)
    delay_us                                 0x08002735   Thumb Code    72  systick.o(i.delay_us)
    fputc                                    0x08002781   Thumb Code    24  usart.o(i.fputc)
    main                                     0x0800279d   Thumb Code  1348  main.o(i.main)
    nbiot_receive_process_event              0x08002ce1   Thumb Code    44  usart.o(i.nbiot_receive_process_event)
    uart1_init                               0x08002d11   Thumb Code   152  usart.o(i.uart1_init)
    uart2_init                               0x08002db1   Thumb Code   160  usart.o(i.uart2_init)
    uart3_init                               0x08002e5d   Thumb Code   156  usart.o(i.uart3_init)
    Region$$Table$$Base                      0x08002f00   Number         0  anon$$obj.o(Region$$Table)
    Region$$Table$$Limit                     0x08002f20   Number         0  anon$$obj.o(Region$$Table)
    ReadAdxl345                              0x20000000   Data           1  main.o(.data)
    ErrorNum                                 0x20000001   Data           1  main.o(.data)
    CheckNum                                 0x20000002   Data           1  main.o(.data)
    ReportLater                              0x20000004   Data           4  main.o(.data)
    KeyLater                                 0x20000008   Data           4  main.o(.data)
    min1                                     0x2000000c   Data           1  main.o(.data)
    max1                                     0x2000000d   Data           1  main.o(.data)
    heartrate                                0x2000000e   Data           1  main.o(.data)
    min2                                     0x2000000f   Data           1  main.o(.data)
    max2                                     0x20000010   Data           1  main.o(.data)
    spo2                                     0x20000011   Data           1  main.o(.data)
    heart                                    0x20000012   Data           1  main.o(.data)
    blood                                    0x20000013   Data           1  main.o(.data)
    body_status                              0x20000014   Data           1  main.o(.data)
    BUF                                      0x2000002c   Data           8  adxl345.o(.data)
    ge                                       0x20000034   Data           1  adxl345.o(.data)
    shi                                      0x20000035   Data           1  adxl345.o(.data)
    bai                                      0x20000036   Data           1  adxl345.o(.data)
    qian                                     0x20000037   Data           1  adxl345.o(.data)
    wan                                      0x20000038   Data           1  adxl345.o(.data)
    err                                      0x20000039   Data           1  adxl345.o(.data)
    temp_X                                   0x2000003c   Data           4  adxl345.o(.data)
    temp_Y                                   0x20000040   Data           4  adxl345.o(.data)
    temp_Z                                   0x20000044   Data           4  adxl345.o(.data)
    strx                                     0x20000048   Data           4  bc20.o(.data)
    extstrx                                  0x2000004c   Data           4  bc20.o(.data)
    error                                    0x20000050   Data           4  bc20.o(.data)
    socketnum                                0x20000054   Data           4  bc20.o(.data)
    Rec_flag                                 0x2000005c   Data           1  usart.o(.data)
    RxCounter1                               0x2000005d   Data           1  usart.o(.data)
    RxCounter2                               0x2000005e   Data           1  usart.o(.data)
    RxCounter3                               0x2000005f   Data           1  usart.o(.data)
    __stdout                                 0x20000064   Data           4  stdout.o(.data)
    atstr                                    0x20000068   Data         256  bc20.o(.bss)
    BC20_Status                              0x20000168   Data         123  bc20.o(.bss)
    buf_uart1                                0x200001e4   Data         264  usart.o(.bss)
    buf_uart2                                0x200002ec   Data         264  usart.o(.bss)
    buf_uart3                                0x200003f4   Data         264  usart.o(.bss)
    RxBuffer1                                0x200004fc   Data         256  usart.o(.bss)
    RxBuffer2                                0x200005fc   Data         256  usart.o(.bss)
    RxBuffer3                                0x200006fc   Data         256  usart.o(.bss)
    __initial_sp                             0x20000c00   Data           0  startup_stm32f10x_hd.o(STACK)



==============================================================================

Memory Map of the image

  Image Entry point : 0x08000131

  Load Region LR_IROM1 (Base: 0x08000000, Size: 0x00002f88, Max: 0x00010000, ABSOLUTE)

    Execution Region ER_IROM1 (Exec base: 0x08000000, Load base: 0x08000000, Size: 0x00002f20, Max: 0x00010000, ABSOLUTE)

    Exec Addr    Load Addr    Size         Type   Attr      Idx    E Section Name        Object

    0x08000000   0x08000000   0x00000130   Data   RO          228    RESET               startup_stm32f10x_hd.o
    0x08000130   0x08000130   0x00000000   Code   RO         3064  * .ARM.Collect$$$$00000000  mc_w.l(entry.o)
    0x08000130   0x08000130   0x00000004   Code   RO         3355    .ARM.Collect$$$$00000001  mc_w.l(entry2.o)
    0x08000134   0x08000134   0x00000004   Code   RO         3358    .ARM.Collect$$$$00000004  mc_w.l(entry5.o)
    0x08000138   0x08000138   0x00000000   Code   RO         3360    .ARM.Collect$$$$00000008  mc_w.l(entry7b.o)
    0x08000138   0x08000138   0x00000000   Code   RO         3362    .ARM.Collect$$$$0000000A  mc_w.l(entry8b.o)
    0x08000138   0x08000138   0x00000008   Code   RO         3363    .ARM.Collect$$$$0000000B  mc_w.l(entry9a.o)
    0x08000140   0x08000140   0x00000004   Code   RO         3370    .ARM.Collect$$$$0000000E  mc_w.l(entry12b.o)
    0x08000144   0x08000144   0x00000000   Code   RO         3365    .ARM.Collect$$$$0000000F  mc_w.l(entry10a.o)
    0x08000144   0x08000144   0x00000000   Code   RO         3367    .ARM.Collect$$$$00000011  mc_w.l(entry11a.o)
    0x08000144   0x08000144   0x00000004   Code   RO         3356    .ARM.Collect$$$$00002712  mc_w.l(entry2.o)
    0x08000148   0x08000148   0x00000024   Code   RO          229    .text               startup_stm32f10x_hd.o
    0x0800016c   0x0800016c   0x00000024   Code   RO         3067    .text               mc_w.l(rand.o)
    0x08000190   0x08000190   0x00000024   Code   RO         3070    .text               mc_w.l(memseta.o)
    0x080001b4   0x080001b4   0x00000018   Code   RO         3072    .text               mc_w.l(strcat.o)
    0x080001cc   0x080001cc   0x00000024   Code   RO         3074    .text               mc_w.l(strstr.o)
    0x080001f0   0x080001f0   0x00000018   Code   RO         3076    .text               mc_w.l(strncpy.o)
    0x08000208   0x08000208   0x0000000e   Code   RO         3078    .text               mc_w.l(strlen.o)
    0x08000216   0x08000216   0x00000012   Code   RO         3080    .text               mc_w.l(strcpy.o)
    0x08000228   0x08000228   0x000000e4   Code   RO         3343    .text               mf_w.l(dmul.o)
    0x0800030c   0x0800030c   0x00000012   Code   RO         3345    .text               mf_w.l(fflti.o)
    0x0800031e   0x0800031e   0x00000026   Code   RO         3347    .text               mf_w.l(f2d.o)
    0x08000344   0x08000344   0x00000038   Code   RO         3349    .text               mf_w.l(d2f.o)
    0x0800037c   0x0800037c   0x00000014   Code   RO         3351    .text               mf_w.l(cfcmple.o)
    0x08000390   0x08000390   0x00000014   Code   RO         3353    .text               mf_w.l(cfrcmple.o)
    0x080003a4   0x080003a4   0x0000002c   Code   RO         3372    .text               mc_w.l(uidiv.o)
    0x080003d0   0x080003d0   0x00000062   Code   RO         3374    .text               mc_w.l(uldiv.o)
    0x08000432   0x08000432   0x00000000   Code   RO         3376    .text               mc_w.l(iusefp.o)
    0x08000432   0x08000432   0x0000006e   Code   RO         3377    .text               mf_w.l(fepilogue.o)
    0x080004a0   0x080004a0   0x000000ba   Code   RO         3379    .text               mf_w.l(depilogue.o)
    0x0800055a   0x0800055a   0x0000014e   Code   RO         3381    .text               mf_w.l(dadd.o)
    0x080006a8   0x080006a8   0x000000de   Code   RO         3383    .text               mf_w.l(ddiv.o)
    0x08000786   0x08000786   0x00000030   Code   RO         3385    .text               mf_w.l(dfixul.o)
    0x080007b6   0x080007b6   0x00000002   PAD
    0x080007b8   0x080007b8   0x00000030   Code   RO         3387    .text               mf_w.l(cdrcmple.o)
    0x080007e8   0x080007e8   0x00000024   Code   RO         3389    .text               mc_w.l(init.o)
    0x0800080c   0x0800080c   0x0000001e   Code   RO         3391    .text               mc_w.l(llshl.o)
    0x0800082a   0x0800082a   0x00000020   Code   RO         3393    .text               mc_w.l(llushr.o)
    0x0800084a   0x0800084a   0x00000024   Code   RO         3395    .text               mc_w.l(llsshr.o)
    0x0800086e   0x0800086e   0x00000002   PAD
    0x08000870   0x08000870   0x00000058   Code   RO         2699    i.ADXL345_RecvACK   adxl345.o
    0x080008c8   0x080008c8   0x00000058   Code   RO         2700    i.ADXL345_RecvByte  adxl345.o
    0x08000920   0x08000920   0x00000044   Code   RO         2701    i.ADXL345_SendACK   adxl345.o
    0x08000964   0x08000964   0x00000060   Code   RO         2702    i.ADXL345_SendByte  adxl345.o
    0x080009c4   0x080009c4   0x0000003c   Code   RO         2703    i.ADXL345_Start     adxl345.o
    0x08000a00   0x08000a00   0x0000003c   Code   RO         2704    i.ADXL345_Stop      adxl345.o
    0x08000a3c   0x08000a3c   0x00000100   Code   RO         2825    i.BC20_ConUDP       bc20.o
    0x08000b3c   0x08000b3c   0x000000dc   Code   RO         2826    i.BC20_INITGNSS     bc20.o
    0x08000c18   0x08000c18   0x00000370   Code   RO         2827    i.BC20_Init         bc20.o
    0x08000f88   0x08000f88   0x000000e0   Code   RO         2828    i.BC20_PDPACT       bc20.o
    0x08001068   0x08001068   0x000000bc   Code   RO         2831    i.BC20_SenddataHEX  bc20.o
    0x08001124   0x08001124   0x00000004   Code   RO          141    i.BusFault_Handler  stm32f10x_it.o
    0x08001128   0x08001128   0x00000028   Code   RO         2832    i.Clear_Buffer      bc20.o
    0x08001150   0x08001150   0x00000002   Code   RO          142    i.DebugMon_Handler  stm32f10x_it.o
    0x08001152   0x08001152   0x00000116   Code   RO          240    i.GPIO_Init         stm32f10x_gpio.o
    0x08001268   0x08001268   0x00000012   Code   RO          244    i.GPIO_ReadInputDataBit  stm32f10x_gpio.o
    0x0800127a   0x0800127a   0x00000004   Code   RO          247    i.GPIO_ResetBits    stm32f10x_gpio.o
    0x0800127e   0x0800127e   0x00000004   Code   RO          248    i.GPIO_SetBits      stm32f10x_gpio.o
    0x08001282   0x08001282   0x00000004   Code   RO          143    i.HardFault_Handler  stm32f10x_it.o
    0x08001286   0x08001286   0x0000003e   Code   RO         2705    i.Init_ADXL345      adxl345.o
    0x080012c4   0x080012c4   0x00000024   Code   RO         2795    i.KEY_Init          key.o
    0x080012e8   0x080012e8   0x00000060   Code   RO         2810    i.LED_Init          led.o
    0x08001348   0x08001348   0x00000004   Code   RO          144    i.MemManage_Handler  stm32f10x_it.o
    0x0800134c   0x0800134c   0x00000054   Code   RO         2706    i.Multiple_Read_ADXL345  adxl345.o
    0x080013a0   0x080013a0   0x00000002   Code   RO          145    i.NMI_Handler       stm32f10x_it.o
    0x080013a2   0x080013a2   0x00000002   PAD
    0x080013a4   0x080013a4   0x00000070   Code   RO          548    i.NVIC_Init         misc.o
    0x08001414   0x08001414   0x00000014   Code   RO          549    i.NVIC_PriorityGroupConfig  misc.o
    0x08001428   0x08001428   0x00000024   Code   RO         2833    i.NVIC_SystemReset  bc20.o
    0x0800144c   0x0800144c   0x00000002   Code   RO          146    i.PendSV_Handler    stm32f10x_it.o
    0x0800144e   0x0800144e   0x00000002   PAD
    0x08001450   0x08001450   0x00000020   Code   RO          350    i.RCC_APB1PeriphClockCmd  stm32f10x_rcc.o
    0x08001470   0x08001470   0x00000020   Code   RO          352    i.RCC_APB2PeriphClockCmd  stm32f10x_rcc.o
    0x08001490   0x08001490   0x000000d4   Code   RO          360    i.RCC_GetClocksFreq  stm32f10x_rcc.o
    0x08001564   0x08001564   0x000000ac   Code   RO         2707    i.ReadData_x        adxl345.o
    0x08001610   0x08001610   0x00000020   Code   RO         2708    i.SCL_Set_Output    adxl345.o
    0x08001630   0x08001630   0x00000024   Code   RO         2709    i.SDA_Set_Input     adxl345.o
    0x08001654   0x08001654   0x00000024   Code   RO         2710    i.SDA_Set_Output    adxl345.o
    0x08001678   0x08001678   0x00000002   Code   RO          147    i.SVC_Handler       stm32f10x_it.o
    0x0800167a   0x0800167a   0x00000008   Code   RO         2655    i.SetSysClock       system_stm32f10x.o
    0x08001682   0x08001682   0x00000002   PAD
    0x08001684   0x08001684   0x000000e0   Code   RO         2656    i.SetSysClockTo72   system_stm32f10x.o
    0x08001764   0x08001764   0x00000032   Code   RO         2711    i.Single_Read_ADXL345  adxl345.o
    0x08001796   0x08001796   0x00000022   Code   RO         2712    i.Single_Write_ADXL345  adxl345.o
    0x080017b8   0x080017b8   0x00000054   Code   RO         2895    i.Str2Hex           hexstr.o
    0x0800180c   0x0800180c   0x00000028   Code   RO          552    i.SysTick_CLKSourceConfig  misc.o
    0x08001834   0x08001834   0x00000002   Code   RO          148    i.SysTick_Handler   stm32f10x_it.o
    0x08001836   0x08001836   0x00000002   PAD
    0x08001838   0x08001838   0x0000003c   Code   RO         2928    i.SysTick_Init      systick.o
    0x08001874   0x08001874   0x00000060   Code   RO         2658    i.SystemInit        system_stm32f10x.o
    0x080018d4   0x080018d4   0x00000038   Code   RO         2960    i.USART1_IRQHandler  usart.o
    0x0800190c   0x0800190c   0x00000050   Code   RO         2961    i.USART2_IRQHandler  usart.o
    0x0800195c   0x0800195c   0x00000050   Code   RO         2962    i.USART3_IRQHandler  usart.o
    0x080019ac   0x080019ac   0x00000012   Code   RO         1186    i.USART_ClearFlag   stm32f10x_usart.o
    0x080019be   0x080019be   0x0000001e   Code   RO         1187    i.USART_ClearITPendingBit  stm32f10x_usart.o
    0x080019dc   0x080019dc   0x00000018   Code   RO         1190    i.USART_Cmd         stm32f10x_usart.o
    0x080019f4   0x080019f4   0x0000001a   Code   RO         1193    i.USART_GetFlagStatus  stm32f10x_usart.o
    0x08001a0e   0x08001a0e   0x00000054   Code   RO         1194    i.USART_GetITStatus  stm32f10x_usart.o
    0x08001a62   0x08001a62   0x0000004a   Code   RO         1196    i.USART_ITConfig    stm32f10x_usart.o
    0x08001aac   0x08001aac   0x000000d8   Code   RO         1197    i.USART_Init        stm32f10x_usart.o
    0x08001b84   0x08001b84   0x0000000a   Code   RO         1204    i.USART_ReceiveData  stm32f10x_usart.o
    0x08001b8e   0x08001b8e   0x00000002   PAD
    0x08001b90   0x08001b90   0x00000028   Code   RO         2964    i.Uart2_SendStr     usart.o
    0x08001bb8   0x08001bb8   0x00000004   Code   RO          149    i.UsageFault_Handler  stm32f10x_it.o
    0x08001bbc   0x08001bbc   0x00000024   Code   RO         2896    i.Value2Hex         hexstr.o
    0x08001be0   0x08001be0   0x00000020   Code   RO         3315    i.__0printf         mc_w.l(printfa.o)
    0x08001c00   0x08001c00   0x00000020   Code   RO         3171    i.__0printf$3       mc_w.l(printf3.o)
    0x08001c20   0x08001c20   0x00000028   Code   RO         3173    i.__0sprintf$3      mc_w.l(printf3.o)
    0x08001c48   0x08001c48   0x0000000e   Code   RO         3399    i.__scatterload_copy  mc_w.l(handlers.o)
    0x08001c56   0x08001c56   0x00000002   Code   RO         3400    i.__scatterload_null  mc_w.l(handlers.o)
    0x08001c58   0x08001c58   0x0000000e   Code   RO         3401    i.__scatterload_zeroinit  mc_w.l(handlers.o)
    0x08001c66   0x08001c66   0x00000002   PAD
    0x08001c68   0x08001c68   0x00000184   Code   RO         3322    i._fp_digits        mc_w.l(printfa.o)
    0x08001dec   0x08001dec   0x000001b8   Code   RO         3178    i._printf_core      mc_w.l(printf3.o)
    0x08001fa4   0x08001fa4   0x000006b4   Code   RO         3323    i._printf_core      mc_w.l(printfa.o)
    0x08002658   0x08002658   0x00000024   Code   RO         3324    i._printf_post_padding  mc_w.l(printfa.o)
    0x0800267c   0x0800267c   0x0000002e   Code   RO         3325    i._printf_pre_padding  mc_w.l(printfa.o)
    0x080026aa   0x080026aa   0x0000000a   Code   RO         3180    i._sputc            mc_w.l(printf3.o)
    0x080026b4   0x080026b4   0x00000034   Code   RO         2966    i.bluetooth_receive_process_event  usart.o
    0x080026e8   0x080026e8   0x0000004c   Code   RO         2929    i.delay_ms          systick.o
    0x08002734   0x08002734   0x0000004c   Code   RO         2930    i.delay_us          systick.o
    0x08002780   0x08002780   0x0000001c   Code   RO         2967    i.fputc             usart.o
    0x0800279c   0x0800279c   0x00000544   Code   RO            1    i.main              main.o
    0x08002ce0   0x08002ce0   0x00000030   Code   RO         2968    i.nbiot_receive_process_event  usart.o
    0x08002d10   0x08002d10   0x000000a0   Code   RO         2969    i.uart1_init        usart.o
    0x08002db0   0x08002db0   0x000000ac   Code   RO         2970    i.uart2_init        usart.o
    0x08002e5c   0x08002e5c   0x000000a4   Code   RO         2971    i.uart3_init        usart.o
    0x08002f00   0x08002f00   0x00000020   Data   RO         3397    Region$$Table       anon$$obj.o


    Execution Region RW_IRAM1 (Exec base: 0x20000000, Load base: 0x08002f20, Size: 0x00000c00, Max: 0x00005000, ABSOLUTE)

    Exec Addr    Load Addr    Size         Type   Attr      Idx    E Section Name        Object

    0x20000000   0x08002f20   0x00000015   Data   RW            2    .data               main.o
    0x20000015   0x08002f35   0x00000014   Data   RW          380    .data               stm32f10x_rcc.o
    0x20000029   0x08002f49   0x00000003   PAD
    0x2000002c   0x08002f4c   0x0000001c   Data   RW         2713    .data               adxl345.o
    0x20000048   0x08002f68   0x00000010   Data   RW         2835    .data               bc20.o
    0x20000058   0x08002f78   0x00000004   Data   RW         2931    .data               systick.o
    0x2000005c   0x08002f7c   0x00000004   Data   RW         2973    .data               usart.o
    0x20000060   0x08002f80   0x00000004   Data   RW         3068    .data               mc_w.l(rand.o)
    0x20000064   0x08002f84   0x00000004   Data   RW         3371    .data               mc_w.l(stdout.o)
    0x20000068        -       0x0000017b   Zero   RW         2834    .bss                bc20.o
    0x200001e3   0x08002f88   0x00000001   PAD
    0x200001e4        -       0x00000618   Zero   RW         2972    .bss                usart.o
    0x200007fc   0x08002f88   0x00000004   PAD
    0x20000800        -       0x00000400   Zero   RW          226    STACK               startup_stm32f10x_hd.o


==============================================================================

Image component sizes


      Code (inc. data)   RO Data    RW Data    ZI Data      Debug   Object Name

       966         74          0         28          0       8235   adxl345.o
      1844        696          0         16        379      19806   bc20.o
       120          0          0          0          0       1214   hexstr.o
        36          4          0          0          0        427   key.o
        96          8          0          0          0        451   led.o
      1348        304          0         21          0     235049   main.o
       172         22          0          0          0       2057   misc.o
        36          8        304          0       1024        800   startup_stm32f10x_hd.o
       304          0          0          0          0       3644   stm32f10x_gpio.o
        26          0          0          0          0       3422   stm32f10x_it.o
       276         32          0         20          0       4406   stm32f10x_rcc.o
       482          6          0          0          0       6792   stm32f10x_usart.o
       328         28          0          0          0       1769   system_stm32f10x.o
       212         16          0          4          0       1557   systick.o
       880         68          0          4       1560       6441   usart.o

    ----------------------------------------------------------------------
      7136       1266        336         96       2968     296070   Object Totals
         0          0         32          0          0          0   (incl. Generated)
        10          0          0          3          5          0   (incl. Padding)

    ----------------------------------------------------------------------

      Code (inc. data)   RO Data    RW Data    ZI Data      Debug   Library Member Name

         0          0          0          0          0          0   entry.o
         0          0          0          0          0          0   entry10a.o
         0          0          0          0          0          0   entry11a.o
         4          0          0          0          0          0   entry12b.o
         8          4          0          0          0          0   entry2.o
         4          0          0          0          0          0   entry5.o
         0          0          0          0          0          0   entry7b.o
         0          0          0          0          0          0   entry8b.o
         8          4          0          0          0          0   entry9a.o
        30          0          0          0          0          0   handlers.o
        36          8          0          0          0         68   init.o
         0          0          0          0          0          0   iusefp.o
        30          0          0          0          0         68   llshl.o
        36          0          0          0          0         68   llsshr.o
        32          0          0          0          0         68   llushr.o
        36          0          0          0          0        108   memseta.o
       522         20          0          0          0        336   printf3.o
      2218         90          0          0          0        464   printfa.o
        36         10          0          4          0        136   rand.o
         0          0          0          4          0          0   stdout.o
        24          0          0          0          0         68   strcat.o
        18          0          0          0          0         68   strcpy.o
        14          0          0          0          0         68   strlen.o
        24          0          0          0          0         76   strncpy.o
        36          0          0          0          0         80   strstr.o
        44          0          0          0          0         80   uidiv.o
        98          0          0          0          0         92   uldiv.o
        48          0          0          0          0         68   cdrcmple.o
        20          0          0          0          0         68   cfcmple.o
        20          0          0          0          0         68   cfrcmple.o
        56          0          0          0          0         88   d2f.o
       334          0          0          0          0        148   dadd.o
       222          0          0          0          0        100   ddiv.o
       186          0          0          0          0        176   depilogue.o
        48          0          0          0          0         68   dfixul.o
       228          0          0          0          0         96   dmul.o
        38          0          0          0          0         68   f2d.o
       110          0          0          0          0        168   fepilogue.o
        18          0          0          0          0         68   fflti.o

    ----------------------------------------------------------------------
      4592        136          0          8          0       3032   Library Totals
         6          0          0          0          0          0   (incl. Padding)

    ----------------------------------------------------------------------

      Code (inc. data)   RO Data    RW Data    ZI Data      Debug   Library Name

      3258        136          0          8          0       1848   mc_w.l
      1328          0          0          0          0       1184   mf_w.l

    ----------------------------------------------------------------------
      4592        136          0          8          0       3032   Library Totals

    ----------------------------------------------------------------------

==============================================================================


      Code (inc. data)   RO Data    RW Data    ZI Data      Debug   

     11728       1402        336        104       2968     294158   Grand Totals
     11728       1402        336        104       2968     294158   ELF Image Totals
     11728       1402        336        104          0          0   ROM Totals

==============================================================================

    Total RO  Size (Code + RO Data)                12064 (  11.78kB)
    Total RW  Size (RW Data + ZI Data)              3072 (   3.00kB)
    Total ROM Size (Code + RO Data + RW Data)      12168 (  11.88kB)

==============================================================================

